--- Running generation for Dsadc ---
[DEBUG] EBTemplateEngine: adding module Dsadc (variant=v)
[DEBUG] load_module: Loading module 'Dsadc' (variant=v)
[DEBUG] DEBUG_OVERLAY: Tree root created: Dsadc (path=/Dsadc)
[DEBUG] DEBUG_OVERLAY: Processing module container definition: DsadcDemEventParameterRefs, found 1 instances
[DEBUG] DEBUG_OVERLAY: Processing sub-containers for instance: DsadcDemEventParameterRefs (path=/Dsadc/DsadcDemEventParameterRefs/DsadcDemEventParameterRefs)
[DEBUG] DEBUG_OVERLAY: Processing module container definition: DsadcConfigSet, found 1 instances
[DEBUG] DEBUG_OVERLAY: Processing sub-containers for instance: DsadcConfigSet (path=/Dsadc/DsadcConfigSet/DsadcConfigSet)
[DEBUG] DEBUG_OVERLAY:   Checking sub-container def DsadcModulatorConfig for node DsadcChannel_0, found 1 matches
[DEBUG] DEBUG_OVERLAY:   Checking sub-container def DsadcDemodulatorConfig for node DsadcChannel_0, found 1 matches
[DEBUG] DEBUG_OVERLAY:   Checking sub-container def DsadcTimestampConfig for node DsadcDemodulatorConfig, found 0 matches
[DEBUG] DEBUG_OVERLAY:   Checking sub-container def DsadcFilterConfig for node DsadcChannel_0, found 1 matches
[DEBUG] DEBUG_OVERLAY:   Checking sub-container def DsadcAuxFilterConfig for node DsadcFilterConfig, found 0 matches
[DEBUG] DEBUG_OVERLAY:   Checking sub-container def DsadcLimitCheckingConfig for node DsadcFilterConfig, found 0 matches
[DEBUG] DEBUG_OVERLAY:   Checking sub-container def DsadcCalibCompConfig for node DsadcChannel_0, found 1 matches
[DEBUG] DEBUG_OVERLAY: Processing module container definition: DsadcGeneral, found 1 instances
[DEBUG] DEBUG_OVERLAY: Processing sub-containers for instance: DsadcGeneral (path=/Dsadc/DsadcGeneral/DsadcGeneral)
[DEBUG] DEBUG_OVERLAY: Processing module container definition: CommonPublishedInformation, found 1 instances
[DEBUG] DEBUG_OVERLAY: Processing sub-containers for instance: CommonPublishedInformation (path=/Dsadc/CommonPublishedInformation/CommonPublishedInformation)
[DEBUG] load_module: Module 'Dsadc' registered successfully, children: ['DsadcDemEventParameterRefs', 'DsadcConfigSet', 'DsadcGeneral', 'CommonPublishedInformation']
Generating /Users/qlwang/Desktop/project/t5/generateCode/Dsadc/v/include/Dsadc_Cfg.h from /Users/qlwang/Desktop/project/t5/templates/Dsadc/include/Dsadc_Cfg.h...
[DEBUG] EBTemplateEngine: adding module Dsadc (variant=v)
[DEBUG] as_modconf: Looking for module 'Resource'
[DEBUG] as_modconf: Available modules: ['dsadc']
[DEBUG] as_modconf: Resource module NOT found, creating synthetic one
[DEBUG] EB Renderer: Registering synthetic Resource module
[DEBUG] DEBUG: Evaluating condition: not(var:defined('DSADC_CFG_COMMON_M'))
[DEBUG] DEBUG_XPATH: _parse_path('DsadcConfigSet/DsadcChannel/*') -> parts=['DsadcConfigSet', 'DsadcChannel', '*']
[DEBUG] DEBUG_XPATH: Navigating segment 'DsadcConfigSet' (axis=child) from 1 nodes
[DEBUG] DEBUG_XPATH:   Current context node: Dsadc (type=module, path=/Dsadc, children=['DsadcDemEventParameterRefs', 'DsadcConfigSet', 'DsadcGeneral', 'CommonPublishedInformation'])
[DEBUG] DEBUG_XPATH: Navigating segment 'DsadcChannel' (axis=child) from 1 nodes
[DEBUG] DEBUG_XPATH:   Current context node: DsadcConfigSet (type=container, path=/Dsadc/DsadcConfigSet, children=['DsadcConfigSet', 'DsadcAnalogClockSource', 'DsadcChannel', 'DsadcCarrierGenerator'])
[DEBUG] DEBUG_XPATH: Navigating segment '*' (axis=child) from 1 nodes
[DEBUG] DEBUG_XPATH:   Current context node: DsadcChannel (type=container, path=/Dsadc/DsadcConfigSet/DsadcConfigSet/DsadcChannel, children=['DsadcChannel_0'])
[DEBUG] as_modconf: Looking for module 'Resource'
[DEBUG] as_modconf: Available modules: ['dsadc', 'resource']
[DEBUG] as_modconf: Found Resource module with children: ['NumOfCores']
[DEBUG] DEBUG_XPATH: _parse_path('ResourceCoreConfigSet/ResourceCoreConfig/*') -> parts=['ResourceCoreConfigSet', 'ResourceCoreConfig', '*']
[DEBUG] DEBUG_XPATH: Navigating segment 'ResourceCoreConfigSet' (axis=child) from 1 nodes
[DEBUG] DEBUG_XPATH:   Current context node: Resource (type=module, path=/Resource, children=['NumOfCores'])
[DEBUG] DEBUG: Evaluating condition: $DsadcChannelMappedFlag = 'false'
[DEBUG] DEBUG: Comparison [$DsadcChannelMappedFlag = 'false'] => [false = false] Result: True
[DEBUG] DEBUG: Evaluating condition: num:i($DsadcChannelMappedCoreId) = num:i(0)
[DEBUG] DEBUG: Comparison [num:i($DsadcChannelMappedCoreId) = num:i(0)] => [0 = 0] Result: True
[DEBUG] DEBUG_XPATH: _parse_path('DsadcConfigSet/DsadcChannel/*') -> parts=['DsadcConfigSet', 'DsadcChannel', '*']
[DEBUG] DEBUG_XPATH: Navigating segment 'DsadcConfigSet' (axis=child) from 1 nodes
[DEBUG] DEBUG_XPATH:   Current context node: Dsadc (type=module, path=/Dsadc, children=['DsadcDemEventParameterRefs', 'DsadcConfigSet', 'DsadcGeneral', 'CommonPublishedInformation'])
[DEBUG] DEBUG_XPATH: Navigating segment 'DsadcChannel' (axis=child) from 1 nodes
[DEBUG] DEBUG_XPATH:   Current context node: DsadcConfigSet (type=container, path=/Dsadc/DsadcConfigSet, children=['DsadcConfigSet', 'DsadcAnalogClockSource', 'DsadcChannel', 'DsadcCarrierGenerator'])
[DEBUG] DEBUG_XPATH: Navigating segment '*' (axis=child) from 1 nodes
[DEBUG] DEBUG_XPATH:   Current context node: DsadcChannel (type=container, path=/Dsadc/DsadcConfigSet/DsadcConfigSet/DsadcChannel, children=['DsadcChannel_0'])
[DEBUG] DEBUG: Evaluating condition: ./DsadcResultHandlingImplementation = 'DSADC_INTERRUPT_MODE'
[DEBUG] DEBUG_XPATH: _parse_path('DsadcResultHandlingImplementation') -> parts=['DsadcResultHandlingImplementation']
[DEBUG] DEBUG_XPATH: Navigating segment 'DsadcResultHandlingImplementation' (axis=child) from 1 nodes
[DEBUG] DEBUG_XPATH:   Current context node: DsadcChannel_0 (type=container, path=/Dsadc/DsadcConfigSet/DsadcConfigSet/DsadcChannel/DsadcChannel_0, children=['DsadcChannelId', 'DsadcHwUnitId', 'DsadcResultHandlingImplementation', 'DsadcChAuxiliaryFilterChainEnable', 'DsadcChAuxFilterResultAcquisitionEnable', 'DsadcAccessMode', 'DsadcStreamBufferMode', 'DsadcTriggerMode', 'DsadcChTimestampEnable', 'DsadcGateActiveLevel', 'DsadcStreamingNumSamples', 'DsadcModulatorConfig', 'DsadcDemodulatorConfig', 'DsadcFilterConfig', 'DsadcCalibCompConfig'])
[DEBUG] DEBUG: Comparison [./DsadcResultHandlingImplementation = 'DSADC_INTERRUPT_MODE'] => [DSADC_INTERRUPT_MODE = DSADC_INTERRUPT_MODE] Result: True
[DEBUG] as_modconf: Looking for module 'Dsadc'
[DEBUG] as_modconf: Available modules: ['dsadc', 'resource']
[DEBUG] as_modconf: Found module 'Dsadc' with children: ['DsadcDemEventParameterRefs', 'DsadcConfigSet', 'DsadcGeneral', 'CommonPublishedInformation']
[DEBUG] DEBUG_XPATH: _parse_path('CommonPublishedInformation/ArReleaseMajorVersion') -> parts=['CommonPublishedInformation', 'ArReleaseMajorVersion']
[DEBUG] DEBUG_XPATH: Navigating segment 'CommonPublishedInformation' (axis=child) from 1 nodes
[DEBUG] DEBUG_XPATH:   Current context node: Dsadc (type=module, path=/Dsadc, children=['DsadcDemEventParameterRefs', 'DsadcConfigSet', 'DsadcGeneral', 'CommonPublishedInformation'])
[DEBUG] DEBUG_XPATH: Navigating segment 'ArReleaseMajorVersion' (axis=child) from 1 nodes
[DEBUG] DEBUG_XPATH:   Current context node: CommonPublishedInformation (type=container, path=/Dsadc/CommonPublishedInformation, children=['CommonPublishedInformation', 'ArReleaseMajorVersion', 'ArReleaseMinorVersion', 'ArReleaseRevisionVersion', 'ModuleId', 'SwMajorVersion', 'SwMinorVersion', 'SwPatchVersion', 'VendorId'])
[DEBUG] DEBUG_XPATH: _parse_path('CommonPublishedInformation/ArReleaseMinorVersion') -> parts=['CommonPublishedInformation', 'ArReleaseMinorVersion']
[DEBUG] DEBUG_XPATH: Navigating segment 'CommonPublishedInformation' (axis=child) from 1 nodes
[DEBUG] DEBUG_XPATH:   Current context node: Dsadc (type=module, path=/Dsadc, children=['DsadcDemEventParameterRefs', 'DsadcConfigSet', 'DsadcGeneral', 'CommonPublishedInformation'])
[DEBUG] DEBUG_XPATH: Navigating segment 'ArReleaseMinorVersion' (axis=child) from 1 nodes
[DEBUG] DEBUG_XPATH:   Current context node: CommonPublishedInformation (type=container, path=/Dsadc/CommonPublishedInformation, children=['CommonPublishedInformation', 'ArReleaseMajorVersion', 'ArReleaseMinorVersion', 'ArReleaseRevisionVersion', 'ModuleId', 'SwMajorVersion', 'SwMinorVersion', 'SwPatchVersion', 'VendorId'])
[DEBUG] DEBUG_XPATH: _parse_path('CommonPublishedInformation/ArReleaseRevisionVersion') -> parts=['CommonPublishedInformation', 'ArReleaseRevisionVersion']
[DEBUG] DEBUG_XPATH: Navigating segment 'CommonPublishedInformation' (axis=child) from 1 nodes
[DEBUG] DEBUG_XPATH:   Current context node: Dsadc (type=module, path=/Dsadc, children=['DsadcDemEventParameterRefs', 'DsadcConfigSet', 'DsadcGeneral', 'CommonPublishedInformation'])
[DEBUG] DEBUG_XPATH: Navigating segment 'ArReleaseRevisionVersion' (axis=child) from 1 nodes
[DEBUG] DEBUG_XPATH:   Current context node: CommonPublishedInformation (type=container, path=/Dsadc/CommonPublishedInformation, children=['CommonPublishedInformation', 'ArReleaseMajorVersion', 'ArReleaseMinorVersion', 'ArReleaseRevisionVersion', 'ModuleId', 'SwMajorVersion', 'SwMinorVersion', 'SwPatchVersion', 'VendorId'])
[DEBUG] DEBUG_XPATH: _parse_path('CommonPublishedInformation/SwMajorVersion') -> parts=['CommonPublishedInformation', 'SwMajorVersion']
[DEBUG] DEBUG_XPATH: Navigating segment 'CommonPublishedInformation' (axis=child) from 1 nodes
[DEBUG] DEBUG_XPATH:   Current context node: Dsadc (type=module, path=/Dsadc, children=['DsadcDemEventParameterRefs', 'DsadcConfigSet', 'DsadcGeneral', 'CommonPublishedInformation'])
[DEBUG] DEBUG_XPATH: Navigating segment 'SwMajorVersion' (axis=child) from 1 nodes
[DEBUG] DEBUG_XPATH:   Current context node: CommonPublishedInformation (type=container, path=/Dsadc/CommonPublishedInformation, children=['CommonPublishedInformation', 'ArReleaseMajorVersion', 'ArReleaseMinorVersion', 'ArReleaseRevisionVersion', 'ModuleId', 'SwMajorVersion', 'SwMinorVersion', 'SwPatchVersion', 'VendorId'])
[DEBUG] DEBUG_XPATH: _parse_path('CommonPublishedInformation/SwMinorVersion') -> parts=['CommonPublishedInformation', 'SwMinorVersion']
[DEBUG] DEBUG_XPATH: Navigating segment 'CommonPublishedInformation' (axis=child) from 1 nodes
[DEBUG] DEBUG_XPATH:   Current context node: Dsadc (type=module, path=/Dsadc, children=['DsadcDemEventParameterRefs', 'DsadcConfigSet', 'DsadcGeneral', 'CommonPublishedInformation'])
[DEBUG] DEBUG_XPATH: Navigating segment 'SwMinorVersion' (axis=child) from 1 nodes
[DEBUG] DEBUG_XPATH:   Current context node: CommonPublishedInformation (type=container, path=/Dsadc/CommonPublishedInformation, children=['CommonPublishedInformation', 'ArReleaseMajorVersion', 'ArReleaseMinorVersion', 'ArReleaseRevisionVersion', 'ModuleId', 'SwMajorVersion', 'SwMinorVersion', 'SwPatchVersion', 'VendorId'])
[DEBUG] DEBUG_XPATH: _parse_path('CommonPublishedInformation/SwPatchVersion') -> parts=['CommonPublishedInformation', 'SwPatchVersion']
[DEBUG] DEBUG_XPATH: Navigating segment 'CommonPublishedInformation' (axis=child) from 1 nodes
[DEBUG] DEBUG_XPATH:   Current context node: Dsadc (type=module, path=/Dsadc, children=['DsadcDemEventParameterRefs', 'DsadcConfigSet', 'DsadcGeneral', 'CommonPublishedInformation'])
[DEBUG] DEBUG_XPATH: Navigating segment 'SwPatchVersion' (axis=child) from 1 nodes
[DEBUG] DEBUG_XPATH:   Current context node: CommonPublishedInformation (type=container, path=/Dsadc/CommonPublishedInformation, children=['CommonPublishedInformation', 'ArReleaseMajorVersion', 'ArReleaseMinorVersion', 'ArReleaseRevisionVersion', 'ModuleId', 'SwMajorVersion', 'SwMinorVersion', 'SwPatchVersion', 'VendorId'])
[DEBUG] DEBUG_XPATH: _parse_path('CommonPublishedInformation/VendorId') -> parts=['CommonPublishedInformation', 'VendorId']
[DEBUG] DEBUG_XPATH: Navigating segment 'CommonPublishedInformation' (axis=child) from 1 nodes
[DEBUG] DEBUG_XPATH:   Current context node: Dsadc (type=module, path=/Dsadc, children=['DsadcDemEventParameterRefs', 'DsadcConfigSet', 'DsadcGeneral', 'CommonPublishedInformation'])
[DEBUG] DEBUG_XPATH: Navigating segment 'VendorId' (axis=child) from 1 nodes
[DEBUG] DEBUG_XPATH:   Current context node: CommonPublishedInformation (type=container, path=/Dsadc/CommonPublishedInformation, children=['CommonPublishedInformation', 'ArReleaseMajorVersion', 'ArReleaseMinorVersion', 'ArReleaseRevisionVersion', 'ModuleId', 'SwMajorVersion', 'SwMinorVersion', 'SwPatchVersion', 'VendorId'])
[DEBUG] DEBUG_XPATH: _parse_path('CommonPublishedInformation/ModuleId') -> parts=['CommonPublishedInformation', 'ModuleId']
[DEBUG] DEBUG_XPATH: Navigating segment 'CommonPublishedInformation' (axis=child) from 1 nodes
[DEBUG] DEBUG_XPATH:   Current context node: Dsadc (type=module, path=/Dsadc, children=['DsadcDemEventParameterRefs', 'DsadcConfigSet', 'DsadcGeneral', 'CommonPublishedInformation'])
[DEBUG] DEBUG_XPATH: Navigating segment 'ModuleId' (axis=child) from 1 nodes
[DEBUG] DEBUG_XPATH:   Current context node: CommonPublishedInformation (type=container, path=/Dsadc/CommonPublishedInformation, children=['CommonPublishedInformation', 'ArReleaseMajorVersion', 'ArReleaseMinorVersion', 'ArReleaseRevisionVersion', 'ModuleId', 'SwMajorVersion', 'SwMinorVersion', 'SwPatchVersion', 'VendorId'])
[DEBUG] DEBUG: Evaluating condition: DsadcGeneral/DsadcSafetyErrorDetect = 'true'
[DEBUG] DEBUG_XPATH: _parse_path('DsadcGeneral/DsadcSafetyErrorDetect') -> parts=['DsadcGeneral', 'DsadcSafetyErrorDetect']
[DEBUG] DEBUG_XPATH: Navigating segment 'DsadcGeneral' (axis=child) from 1 nodes
[DEBUG] DEBUG_XPATH:   Current context node: Dsadc (type=module, path=/Dsadc, children=['DsadcDemEventParameterRefs', 'DsadcConfigSet', 'DsadcGeneral', 'CommonPublishedInformation'])
[DEBUG] DEBUG_XPATH: Navigating segment 'DsadcSafetyErrorDetect' (axis=child) from 1 nodes
[DEBUG] DEBUG_XPATH:   Current context node: DsadcGeneral (type=container, path=/Dsadc/DsadcGeneral, children=['DsadcGeneral', 'DsadcDevErrorDetect', 'DsadcSafetyErrorDetect', 'DsadcDeInitApi', 'DsadcGetStreamLastPointerApi', 'DsadcVersionInfoApi', 'DsadcNotifCapability', 'DsadcTimestampEnable', 'DsadcClockSyncEnable', 'DsadcIntegratorEnable', 'DsadcAuxiliaryFilterChainEnable', 'DsadcAuxLimitCheckingEnable'])
[DEBUG] DEBUG: Comparison [DsadcGeneral/DsadcSafetyErrorDetect = 'true'] => [True = True] Result: True
[DEBUG] DEBUG: Evaluating condition: DsadcGeneral/DsadcDevErrorDetect = 'true'
[DEBUG] DEBUG_XPATH: _parse_path('DsadcGeneral/DsadcDevErrorDetect') -> parts=['DsadcGeneral', 'DsadcDevErrorDetect']
[DEBUG] DEBUG_XPATH: Navigating segment 'DsadcGeneral' (axis=child) from 1 nodes
[DEBUG] DEBUG_XPATH:   Current context node: Dsadc (type=module, path=/Dsadc, children=['DsadcDemEventParameterRefs', 'DsadcConfigSet', 'DsadcGeneral', 'CommonPublishedInformation'])
[DEBUG] DEBUG_XPATH: Navigating segment 'DsadcDevErrorDetect' (axis=child) from 1 nodes
[DEBUG] DEBUG_XPATH:   Current context node: DsadcGeneral (type=container, path=/Dsadc/DsadcGeneral, children=['DsadcGeneral', 'DsadcDevErrorDetect', 'DsadcSafetyErrorDetect', 'DsadcDeInitApi', 'DsadcGetStreamLastPointerApi', 'DsadcVersionInfoApi', 'DsadcNotifCapability', 'DsadcTimestampEnable', 'DsadcClockSyncEnable', 'DsadcIntegratorEnable', 'DsadcAuxiliaryFilterChainEnable', 'DsadcAuxLimitCheckingEnable'])
[DEBUG] DEBUG: Comparison [DsadcGeneral/DsadcDevErrorDetect = 'true'] => [False = True] Result: False
[DEBUG] DEBUG: Evaluating condition: DsadcGeneral/DsadcDeInitApi = 'true'
[DEBUG] DEBUG_XPATH: _parse_path('DsadcGeneral/DsadcDeInitApi') -> parts=['DsadcGeneral', 'DsadcDeInitApi']
[DEBUG] DEBUG_XPATH: Navigating segment 'DsadcGeneral' (axis=child) from 1 nodes
[DEBUG] DEBUG_XPATH:   Current context node: Dsadc (type=module, path=/Dsadc, children=['DsadcDemEventParameterRefs', 'DsadcConfigSet', 'DsadcGeneral', 'CommonPublishedInformation'])
[DEBUG] DEBUG_XPATH: Navigating segment 'DsadcDeInitApi' (axis=child) from 1 nodes
[DEBUG] DEBUG_XPATH:   Current context node: DsadcGeneral (type=container, path=/Dsadc/DsadcGeneral, children=['DsadcGeneral', 'DsadcDevErrorDetect', 'DsadcSafetyErrorDetect', 'DsadcDeInitApi', 'DsadcGetStreamLastPointerApi', 'DsadcVersionInfoApi', 'DsadcNotifCapability', 'DsadcTimestampEnable', 'DsadcClockSyncEnable', 'DsadcIntegratorEnable', 'DsadcAuxiliaryFilterChainEnable', 'DsadcAuxLimitCheckingEnable'])
[DEBUG] DEBUG: Comparison [DsadcGeneral/DsadcDeInitApi = 'true'] => [False = True] Result: False
[DEBUG] DEBUG: Evaluating condition: not(node:exists(DsadcDemEventParameterRefs/DSADC_E_FIFO_FAILURE))
[DEBUG] DEBUG_XPATH: _parse_path('DsadcDemEventParameterRefs/DSADC_E_FIFO_FAILURE') -> parts=['DsadcDemEventParameterRefs', 'DSADC_E_FIFO_FAILURE']
[DEBUG] DEBUG_XPATH: Navigating segment 'DsadcDemEventParameterRefs' (axis=child) from 1 nodes
[DEBUG] DEBUG_XPATH:   Current context node: Dsadc (type=module, path=/Dsadc, children=['DsadcDemEventParameterRefs', 'DsadcConfigSet', 'DsadcGeneral', 'CommonPublishedInformation'])
[DEBUG] DEBUG_XPATH: Navigating segment 'DSADC_E_FIFO_FAILURE' (axis=child) from 1 nodes
[DEBUG] DEBUG_XPATH:   Current context node: DsadcDemEventParameterRefs (type=container, path=/Dsadc/DsadcDemEventParameterRefs, children=['DsadcDemEventParameterRefs', 'DSADC_E_FIFO_FAILURE'])
[DEBUG] DEBUG_XPATH: _parse_path('DsadcDemEventParameterRefs/DSADC_E_FIFO_FAILURE') -> parts=['DsadcDemEventParameterRefs', 'DSADC_E_FIFO_FAILURE']
[DEBUG] DEBUG_XPATH: Navigating segment 'DsadcDemEventParameterRefs' (axis=child) from 1 nodes
[DEBUG] DEBUG_XPATH:   Current context node: Dsadc (type=module, path=/Dsadc, children=['DsadcDemEventParameterRefs', 'DsadcConfigSet', 'DsadcGeneral', 'CommonPublishedInformation'])
[DEBUG] DEBUG_XPATH: Navigating segment 'DSADC_E_FIFO_FAILURE' (axis=child) from 1 nodes
[DEBUG] DEBUG_XPATH:   Current context node: DsadcDemEventParameterRefs (type=container, path=/Dsadc/DsadcDemEventParameterRefs, children=['DsadcDemEventParameterRefs', 'DSADC_E_FIFO_FAILURE'])
[DEBUG] DEBUG: Evaluating condition: DsadcGeneral/DsadcGetStreamLastPointerApi = 'true'
[DEBUG] DEBUG_XPATH: _parse_path('DsadcGeneral/DsadcGetStreamLastPointerApi') -> parts=['DsadcGeneral', 'DsadcGetStreamLastPointerApi']
[DEBUG] DEBUG_XPATH: Navigating segment 'DsadcGeneral' (axis=child) from 1 nodes
[DEBUG] DEBUG_XPATH:   Current context node: Dsadc (type=module, path=/Dsadc, children=['DsadcDemEventParameterRefs', 'DsadcConfigSet', 'DsadcGeneral', 'CommonPublishedInformation'])
[DEBUG] DEBUG_XPATH: Navigating segment 'DsadcGetStreamLastPointerApi' (axis=child) from 1 nodes
[DEBUG] DEBUG_XPATH:   Current context node: DsadcGeneral (type=container, path=/Dsadc/DsadcGeneral, children=['DsadcGeneral', 'DsadcDevErrorDetect', 'DsadcSafetyErrorDetect', 'DsadcDeInitApi', 'DsadcGetStreamLastPointerApi', 'DsadcVersionInfoApi', 'DsadcNotifCapability', 'DsadcTimestampEnable', 'DsadcClockSyncEnable', 'DsadcIntegratorEnable', 'DsadcAuxiliaryFilterChainEnable', 'DsadcAuxLimitCheckingEnable'])
[DEBUG] DEBUG: Comparison [DsadcGeneral/DsadcGetStreamLastPointerApi = 'true'] => [False = True] Result: False
[DEBUG] DEBUG: Evaluating condition: DsadcGeneral/DsadcVersionInfoApi = 'true'
[DEBUG] DEBUG_XPATH: _parse_path('DsadcGeneral/DsadcVersionInfoApi') -> parts=['DsadcGeneral', 'DsadcVersionInfoApi']
[DEBUG] DEBUG_XPATH: Navigating segment 'DsadcGeneral' (axis=child) from 1 nodes
[DEBUG] DEBUG_XPATH:   Current context node: Dsadc (type=module, path=/Dsadc, children=['DsadcDemEventParameterRefs', 'DsadcConfigSet', 'DsadcGeneral', 'CommonPublishedInformation'])
[DEBUG] DEBUG_XPATH: Navigating segment 'DsadcVersionInfoApi' (axis=child) from 1 nodes
[DEBUG] DEBUG_XPATH:   Current context node: DsadcGeneral (type=container, path=/Dsadc/DsadcGeneral, children=['DsadcGeneral', 'DsadcDevErrorDetect', 'DsadcSafetyErrorDetect', 'DsadcDeInitApi', 'DsadcGetStreamLastPointerApi', 'DsadcVersionInfoApi', 'DsadcNotifCapability', 'DsadcTimestampEnable', 'DsadcClockSyncEnable', 'DsadcIntegratorEnable', 'DsadcAuxiliaryFilterChainEnable', 'DsadcAuxLimitCheckingEnable'])
[DEBUG] DEBUG: Comparison [DsadcGeneral/DsadcVersionInfoApi = 'true'] => [False = True] Result: False
[DEBUG] DEBUG: Evaluating condition: DsadcGeneral/DsadcNotifCapability = 'true'
[DEBUG] DEBUG_XPATH: _parse_path('DsadcGeneral/DsadcNotifCapability') -> parts=['DsadcGeneral', 'DsadcNotifCapability']
[DEBUG] DEBUG_XPATH: Navigating segment 'DsadcGeneral' (axis=child) from 1 nodes
[DEBUG] DEBUG_XPATH:   Current context node: Dsadc (type=module, path=/Dsadc, children=['DsadcDemEventParameterRefs', 'DsadcConfigSet', 'DsadcGeneral', 'CommonPublishedInformation'])
[DEBUG] DEBUG_XPATH: Navigating segment 'DsadcNotifCapability' (axis=child) from 1 nodes
[DEBUG] DEBUG_XPATH:   Current context node: DsadcGeneral (type=container, path=/Dsadc/DsadcGeneral, children=['DsadcGeneral', 'DsadcDevErrorDetect', 'DsadcSafetyErrorDetect', 'DsadcDeInitApi', 'DsadcGetStreamLastPointerApi', 'DsadcVersionInfoApi', 'DsadcNotifCapability', 'DsadcTimestampEnable', 'DsadcClockSyncEnable', 'DsadcIntegratorEnable', 'DsadcAuxiliaryFilterChainEnable', 'DsadcAuxLimitCheckingEnable'])
[DEBUG] DEBUG: Comparison [DsadcGeneral/DsadcNotifCapability = 'true'] => [False = True] Result: False
[DEBUG] DEBUG: Evaluating condition: DsadcGeneral/DsadcTimestampEnable = 'true'
[DEBUG] DEBUG_XPATH: _parse_path('DsadcGeneral/DsadcTimestampEnable') -> parts=['DsadcGeneral', 'DsadcTimestampEnable']
[DEBUG] DEBUG_XPATH: Navigating segment 'DsadcGeneral' (axis=child) from 1 nodes
[DEBUG] DEBUG_XPATH:   Current context node: Dsadc (type=module, path=/Dsadc, children=['DsadcDemEventParameterRefs', 'DsadcConfigSet', 'DsadcGeneral', 'CommonPublishedInformation'])
[DEBUG] DEBUG_XPATH: Navigating segment 'DsadcTimestampEnable' (axis=child) from 1 nodes
[DEBUG] DEBUG_XPATH:   Current context node: DsadcGeneral (type=container, path=/Dsadc/DsadcGeneral, children=['DsadcGeneral', 'DsadcDevErrorDetect', 'DsadcSafetyErrorDetect', 'DsadcDeInitApi', 'DsadcGetStreamLastPointerApi', 'DsadcVersionInfoApi', 'DsadcNotifCapability', 'DsadcTimestampEnable', 'DsadcClockSyncEnable', 'DsadcIntegratorEnable', 'DsadcAuxiliaryFilterChainEnable', 'DsadcAuxLimitCheckingEnable'])
[DEBUG] DEBUG: Comparison [DsadcGeneral/DsadcTimestampEnable = 'true'] => [False = True] Result: False
[DEBUG] DEBUG: Evaluating condition: DsadcGeneral/DsadcClockSyncEnable = 'true'
[DEBUG] DEBUG_XPATH: _parse_path('DsadcGeneral/DsadcClockSyncEnable') -> parts=['DsadcGeneral', 'DsadcClockSyncEnable']
[DEBUG] DEBUG_XPATH: Navigating segment 'DsadcGeneral' (axis=child) from 1 nodes
[DEBUG] DEBUG_XPATH:   Current context node: Dsadc (type=module, path=/Dsadc, children=['DsadcDemEventParameterRefs', 'DsadcConfigSet', 'DsadcGeneral', 'CommonPublishedInformation'])
[DEBUG] DEBUG_XPATH: Navigating segment 'DsadcClockSyncEnable' (axis=child) from 1 nodes
[DEBUG] DEBUG_XPATH:   Current context node: DsadcGeneral (type=container, path=/Dsadc/DsadcGeneral, children=['DsadcGeneral', 'DsadcDevErrorDetect', 'DsadcSafetyErrorDetect', 'DsadcDeInitApi', 'DsadcGetStreamLastPointerApi', 'DsadcVersionInfoApi', 'DsadcNotifCapability', 'DsadcTimestampEnable', 'DsadcClockSyncEnable', 'DsadcIntegratorEnable', 'DsadcAuxiliaryFilterChainEnable', 'DsadcAuxLimitCheckingEnable'])
[DEBUG] DEBUG: Comparison [DsadcGeneral/DsadcClockSyncEnable = 'true'] => [False = True] Result: False
[DEBUG] DEBUG: Evaluating condition: DsadcGeneral/DsadcIntegratorEnable = 'true'
[DEBUG] DEBUG_XPATH: _parse_path('DsadcGeneral/DsadcIntegratorEnable') -> parts=['DsadcGeneral', 'DsadcIntegratorEnable']
[DEBUG] DEBUG_XPATH: Navigating segment 'DsadcGeneral' (axis=child) from 1 nodes
[DEBUG] DEBUG_XPATH:   Current context node: Dsadc (type=module, path=/Dsadc, children=['DsadcDemEventParameterRefs', 'DsadcConfigSet', 'DsadcGeneral', 'CommonPublishedInformation'])
[DEBUG] DEBUG_XPATH: Navigating segment 'DsadcIntegratorEnable' (axis=child) from 1 nodes
[DEBUG] DEBUG_XPATH:   Current context node: DsadcGeneral (type=container, path=/Dsadc/DsadcGeneral, children=['DsadcGeneral', 'DsadcDevErrorDetect', 'DsadcSafetyErrorDetect', 'DsadcDeInitApi', 'DsadcGetStreamLastPointerApi', 'DsadcVersionInfoApi', 'DsadcNotifCapability', 'DsadcTimestampEnable', 'DsadcClockSyncEnable', 'DsadcIntegratorEnable', 'DsadcAuxiliaryFilterChainEnable', 'DsadcAuxLimitCheckingEnable'])
[DEBUG] DEBUG: Comparison [DsadcGeneral/DsadcIntegratorEnable = 'true'] => [False = True] Result: False
[DEBUG] DEBUG: Evaluating condition: DsadcGeneral/DsadcAuxiliaryFilterChainEnable = 'true'
[DEBUG] DEBUG_XPATH: _parse_path('DsadcGeneral/DsadcAuxiliaryFilterChainEnable') -> parts=['DsadcGeneral', 'DsadcAuxiliaryFilterChainEnable']
[DEBUG] DEBUG_XPATH: Navigating segment 'DsadcGeneral' (axis=child) from 1 nodes
[DEBUG] DEBUG_XPATH:   Current context node: Dsadc (type=module, path=/Dsadc, children=['DsadcDemEventParameterRefs', 'DsadcConfigSet', 'DsadcGeneral', 'CommonPublishedInformation'])
[DEBUG] DEBUG_XPATH: Navigating segment 'DsadcAuxiliaryFilterChainEnable' (axis=child) from 1 nodes
[DEBUG] DEBUG_XPATH:   Current context node: DsadcGeneral (type=container, path=/Dsadc/DsadcGeneral, children=['DsadcGeneral', 'DsadcDevErrorDetect', 'DsadcSafetyErrorDetect', 'DsadcDeInitApi', 'DsadcGetStreamLastPointerApi', 'DsadcVersionInfoApi', 'DsadcNotifCapability', 'DsadcTimestampEnable', 'DsadcClockSyncEnable', 'DsadcIntegratorEnable', 'DsadcAuxiliaryFilterChainEnable', 'DsadcAuxLimitCheckingEnable'])
[DEBUG] DEBUG: Comparison [DsadcGeneral/DsadcAuxiliaryFilterChainEnable = 'true'] => [False = True] Result: False
[DEBUG] DEBUG: Evaluating condition: DsadcGeneral/DsadcAuxiliaryFilterChainEnable = 'true'
[DEBUG] DEBUG_XPATH: _parse_path('DsadcGeneral/DsadcAuxiliaryFilterChainEnable') -> parts=['DsadcGeneral', 'DsadcAuxiliaryFilterChainEnable']
[DEBUG] DEBUG_XPATH: Navigating segment 'DsadcGeneral' (axis=child) from 1 nodes
[DEBUG] DEBUG_XPATH:   Current context node: Dsadc (type=module, path=/Dsadc, children=['DsadcDemEventParameterRefs', 'DsadcConfigSet', 'DsadcGeneral', 'CommonPublishedInformation'])
[DEBUG] DEBUG_XPATH: Navigating segment 'DsadcAuxiliaryFilterChainEnable' (axis=child) from 1 nodes
[DEBUG] DEBUG_XPATH:   Current context node: DsadcGeneral (type=container, path=/Dsadc/DsadcGeneral, children=['DsadcGeneral', 'DsadcDevErrorDetect', 'DsadcSafetyErrorDetect', 'DsadcDeInitApi', 'DsadcGetStreamLastPointerApi', 'DsadcVersionInfoApi', 'DsadcNotifCapability', 'DsadcTimestampEnable', 'DsadcClockSyncEnable', 'DsadcIntegratorEnable', 'DsadcAuxiliaryFilterChainEnable', 'DsadcAuxLimitCheckingEnable'])
[DEBUG] DEBUG: Comparison [DsadcGeneral/DsadcAuxiliaryFilterChainEnable = 'true'] => [False = True] Result: False
[DEBUG] as_modconf: Looking for module 'Dsadc'
[DEBUG] as_modconf: Available modules: ['dsadc', 'resource']
[DEBUG] as_modconf: Found module 'Dsadc' with children: ['DsadcDemEventParameterRefs', 'DsadcConfigSet', 'DsadcGeneral', 'CommonPublishedInformation']
[DEBUG] DEBUG: as:modconf('Dsadc') - Module FOUND
[DEBUG] DEBUG_XPATH: applied predicate [1], result=Dsadc, rest_path=/DsadcConfigSet/DsadcCarrierGenerator/*[1]
[DEBUG] DEBUG_XPATH: _parse_path('DsadcConfigSet/DsadcCarrierGenerator/*[1]') -> parts=['DsadcConfigSet', 'DsadcCarrierGenerator', '*[1]']
[DEBUG] DEBUG_XPATH: navigating segments [{'name': 'DsadcConfigSet', 'predicates': [], 'axis': 'child'}, {'name': 'DsadcCarrierGenerator', 'predicates': [], 'axis': 'child'}, {'name': '*', 'predicates': ['1'], 'axis': 'child'}] from Dsadc
[DEBUG] DEBUG_XPATH: Navigating segment 'DsadcConfigSet' (axis=child) from 1 nodes
[DEBUG] DEBUG_XPATH:   Current context node: Dsadc (type=module, path=/Dsadc, children=['DsadcDemEventParameterRefs', 'DsadcConfigSet', 'DsadcGeneral', 'CommonPublishedInformation'])
[DEBUG] DEBUG_XPATH: Navigating segment 'DsadcCarrierGenerator' (axis=child) from 1 nodes
[DEBUG] DEBUG_XPATH:   Current context node: DsadcConfigSet (type=container, path=/Dsadc/DsadcConfigSet, children=['DsadcConfigSet', 'DsadcAnalogClockSource', 'DsadcChannel', 'DsadcCarrierGenerator'])
[DEBUG] DEBUG_XPATH: Navigating segment '*' (axis=child) from 1 nodes
[DEBUG] DEBUG_XPATH:   Current context node: DsadcCarrierGenerator (type=container, path=/Dsadc/DsadcConfigSet/DsadcConfigSet/DsadcCarrierGenerator, children=['DsadcCarrierGenerator'])
[DEBUG] DEBUG: Evaluating condition: ./DsadcCarrierSignalMode != 'DSADC_CARRIER_STOPPED'
[DEBUG] DEBUG_XPATH: _parse_path('DsadcCarrierSignalMode') -> parts=['DsadcCarrierSignalMode']
[DEBUG] DEBUG_XPATH: Navigating segment 'DsadcCarrierSignalMode' (axis=child) from 1 nodes
[DEBUG] DEBUG_XPATH:   Current context node: DsadcCarrierGenerator (type=container, path=/Dsadc/DsadcConfigSet/DsadcConfigSet/DsadcCarrierGenerator/DsadcCarrierGenerator, children=['DsadcCarrierSignalMode', 'DsadcPCMEnable', 'DsadcCarrierGenerationMode', 'DsadcSetCarrierSyncParamApi', 'DsadcGetCarrierDelayValueApi'])
[DEBUG] DEBUG: Comparison [./DsadcCarrierSignalMode != 'DSADC_CARRIER_STOPPED'] => [DSADC_CARRIER_STOPPED != DSADC_CARRIER_STOPPED] Result: False
[DEBUG] DEBUG: Evaluating condition: $Var_IsCarrierSyncParamApiEnabled = 'true'
[DEBUG] DEBUG: Comparison [$Var_IsCarrierSyncParamApiEnabled = 'true'] => [false = true] Result: False
[DEBUG] DEBUG: Evaluating condition: $Var_IsCarrierDelayApiEnabled = 'true'
[DEBUG] DEBUG: Comparison [$Var_IsCarrierDelayApiEnabled = 'true'] => [false = true] Result: False
WARNING: ecu:list('Dsadc.HwUnitList') not found, returning empty list
WARNING: ecu:list('Dsadc.HwUnitList') not found, returning empty list
[DEBUG] DEBUG_XPATH: _parse_path('DsadcConfigSet/DsadcChannel/*') -> parts=['DsadcConfigSet', 'DsadcChannel', '*']
[DEBUG] DEBUG_XPATH: Navigating segment 'DsadcConfigSet' (axis=child) from 1 nodes
[DEBUG] DEBUG_XPATH:   Current context node: Dsadc (type=module, path=/Dsadc, children=['DsadcDemEventParameterRefs', 'DsadcConfigSet', 'DsadcGeneral', 'CommonPublishedInformation'])
[DEBUG] DEBUG_XPATH: Navigating segment 'DsadcChannel' (axis=child) from 1 nodes
[DEBUG] DEBUG_XPATH:   Current context node: DsadcConfigSet (type=container, path=/Dsadc/DsadcConfigSet, children=['DsadcConfigSet', 'DsadcAnalogClockSource', 'DsadcChannel', 'DsadcCarrierGenerator'])
[DEBUG] DEBUG_XPATH: Navigating segment '*' (axis=child) from 1 nodes
[DEBUG] DEBUG_XPATH:   Current context node: DsadcChannel (type=container, path=/Dsadc/DsadcConfigSet/DsadcConfigSet/DsadcChannel, children=['DsadcChannel_0'])
[DEBUG] DEBUG: Evaluating condition: ./DsadcResultHandlingImplementation = 'DSADC_INTERRUPT_MODE'
[DEBUG] DEBUG_XPATH: _parse_path('DsadcResultHandlingImplementation') -> parts=['DsadcResultHandlingImplementation']
[DEBUG] DEBUG_XPATH: Navigating segment 'DsadcResultHandlingImplementation' (axis=child) from 1 nodes
[DEBUG] DEBUG_XPATH:   Current context node: DsadcChannel_0 (type=container, path=/Dsadc/DsadcConfigSet/DsadcConfigSet/DsadcChannel/DsadcChannel_0, children=['DsadcChannelId', 'DsadcHwUnitId', 'DsadcResultHandlingImplementation', 'DsadcChAuxiliaryFilterChainEnable', 'DsadcChAuxFilterResultAcquisitionEnable', 'DsadcAccessMode', 'DsadcStreamBufferMode', 'DsadcTriggerMode', 'DsadcChTimestampEnable', 'DsadcGateActiveLevel', 'DsadcStreamingNumSamples', 'DsadcModulatorConfig', 'DsadcDemodulatorConfig', 'DsadcFilterConfig', 'DsadcCalibCompConfig'])
[DEBUG] DEBUG: Comparison [./DsadcResultHandlingImplementation = 'DSADC_INTERRUPT_MODE'] => [DSADC_INTERRUPT_MODE = DSADC_INTERRUPT_MODE] Result: True
[DEBUG] DEBUG_XPATH: _parse_path('DsadcHwUnitId') -> parts=['DsadcHwUnitId']
[DEBUG] DEBUG_XPATH: Navigating segment 'DsadcHwUnitId' (axis=child) from 1 nodes
[DEBUG] DEBUG_XPATH:   Current context node: DsadcChannel_0 (type=container, path=/Dsadc/DsadcConfigSet/DsadcConfigSet/DsadcChannel/DsadcChannel_0, children=['DsadcChannelId', 'DsadcHwUnitId', 'DsadcResultHandlingImplementation', 'DsadcChAuxiliaryFilterChainEnable', 'DsadcChAuxFilterResultAcquisitionEnable', 'DsadcAccessMode', 'DsadcStreamBufferMode', 'DsadcTriggerMode', 'DsadcChTimestampEnable', 'DsadcGateActiveLevel', 'DsadcStreamingNumSamples', 'DsadcModulatorConfig', 'DsadcDemodulatorConfig', 'DsadcFilterConfig', 'DsadcCalibCompConfig'])
[DEBUG] DEBUG_XPATH: _parse_path('DsadcHwUnitId') -> parts=['DsadcHwUnitId']
[DEBUG] DEBUG_XPATH: Navigating segment 'DsadcHwUnitId' (axis=child) from 1 nodes
[DEBUG] DEBUG_XPATH:   Current context node: DsadcChannel_0 (type=container, path=/Dsadc/DsadcConfigSet/DsadcConfigSet/DsadcChannel/DsadcChannel_0, children=['DsadcChannelId', 'DsadcHwUnitId', 'DsadcResultHandlingImplementation', 'DsadcChAuxiliaryFilterChainEnable', 'DsadcChAuxFilterResultAcquisitionEnable', 'DsadcAccessMode', 'DsadcStreamBufferMode', 'DsadcTriggerMode', 'DsadcChTimestampEnable', 'DsadcGateActiveLevel', 'DsadcStreamingNumSamples', 'DsadcModulatorConfig', 'DsadcDemodulatorConfig', 'DsadcFilterConfig', 'DsadcCalibCompConfig'])
[DEBUG] DEBUG: Evaluating condition: ./DsadcChAuxiliaryFilterChainEnable = 'true'
[DEBUG] DEBUG_XPATH: _parse_path('DsadcChAuxiliaryFilterChainEnable') -> parts=['DsadcChAuxiliaryFilterChainEnable']
[DEBUG] DEBUG_XPATH: Navigating segment 'DsadcChAuxiliaryFilterChainEnable' (axis=child) from 1 nodes
[DEBUG] DEBUG_XPATH:   Current context node: DsadcChannel_0 (type=container, path=/Dsadc/DsadcConfigSet/DsadcConfigSet/DsadcChannel/DsadcChannel_0, children=['DsadcChannelId', 'DsadcHwUnitId', 'DsadcResultHandlingImplementation', 'DsadcChAuxiliaryFilterChainEnable', 'DsadcChAuxFilterResultAcquisitionEnable', 'DsadcAccessMode', 'DsadcStreamBufferMode', 'DsadcTriggerMode', 'DsadcChTimestampEnable', 'DsadcGateActiveLevel', 'DsadcStreamingNumSamples', 'DsadcModulatorConfig', 'DsadcDemodulatorConfig', 'DsadcFilterConfig', 'DsadcCalibCompConfig'])
[DEBUG] DEBUG: Comparison [./DsadcChAuxiliaryFilterChainEnable = 'true'] => [False = True] Result: False
[DEBUG] DEBUG_XPATH: _parse_path('DsadcHwUnitId') -> parts=['DsadcHwUnitId']
[DEBUG] DEBUG_XPATH: Navigating segment 'DsadcHwUnitId' (axis=child) from 1 nodes
[DEBUG] DEBUG_XPATH:   Current context node: DsadcChannel_0 (type=container, path=/Dsadc/DsadcConfigSet/DsadcConfigSet/DsadcChannel/DsadcChannel_0, children=['DsadcChannelId', 'DsadcHwUnitId', 'DsadcResultHandlingImplementation', 'DsadcChAuxiliaryFilterChainEnable', 'DsadcChAuxFilterResultAcquisitionEnable', 'DsadcAccessMode', 'DsadcStreamBufferMode', 'DsadcTriggerMode', 'DsadcChTimestampEnable', 'DsadcGateActiveLevel', 'DsadcStreamingNumSamples', 'DsadcModulatorConfig', 'DsadcDemodulatorConfig', 'DsadcFilterConfig', 'DsadcCalibCompConfig'])
[DEBUG] DEBUG_XPATH: _parse_path('DsadcHwUnitId') -> parts=['DsadcHwUnitId']
[DEBUG] DEBUG_XPATH: Navigating segment 'DsadcHwUnitId' (axis=child) from 1 nodes
[DEBUG] DEBUG_XPATH:   Current context node: DsadcChannel_0 (type=container, path=/Dsadc/DsadcConfigSet/DsadcConfigSet/DsadcChannel/DsadcChannel_0, children=['DsadcChannelId', 'DsadcHwUnitId', 'DsadcResultHandlingImplementation', 'DsadcChAuxiliaryFilterChainEnable', 'DsadcChAuxFilterResultAcquisitionEnable', 'DsadcAccessMode', 'DsadcStreamBufferMode', 'DsadcTriggerMode', 'DsadcChTimestampEnable', 'DsadcGateActiveLevel', 'DsadcStreamingNumSamples', 'DsadcModulatorConfig', 'DsadcDemodulatorConfig', 'DsadcFilterConfig', 'DsadcCalibCompConfig'])
[DEBUG] DEBUG: Evaluating condition: $Var_CoreIdx = num:i(0)
[DEBUG] DEBUG: Comparison [$Var_CoreIdx = num:i(0)] => [0 = 0] Result: True
[DEBUG] DEBUG: Evaluating condition: $Var_CoreIdx = num:i(0)
[DEBUG] DEBUG: Comparison [$Var_CoreIdx = num:i(0)] => [1 = 0] Result: False
[DEBUG] DEBUG: Evaluating condition: $Var_CoreIdx = num:i(1)
[DEBUG] DEBUG: Comparison [$Var_CoreIdx = num:i(1)] => [1 = 1] Result: True
[DEBUG] DEBUG: Evaluating condition: $Var_CoreIdx = num:i(0)
[DEBUG] DEBUG: Comparison [$Var_CoreIdx = num:i(0)] => [2 = 0] Result: False
[DEBUG] DEBUG: Evaluating condition: $Var_CoreIdx = num:i(1)
[DEBUG] DEBUG: Comparison [$Var_CoreIdx = num:i(1)] => [2 = 1] Result: False
[DEBUG] DEBUG: Evaluating condition: $Var_CoreIdx = num:i(2)
[DEBUG] DEBUG: Comparison [$Var_CoreIdx = num:i(2)] => [2 = 2] Result: True
[DEBUG] DEBUG: Evaluating condition: $Var_CoreIdx = num:i(0)
[DEBUG] DEBUG: Comparison [$Var_CoreIdx = num:i(0)] => [3 = 0] Result: False
[DEBUG] DEBUG: Evaluating condition: $Var_CoreIdx = num:i(1)
[DEBUG] DEBUG: Comparison [$Var_CoreIdx = num:i(1)] => [3 = 1] Result: False
[DEBUG] DEBUG: Evaluating condition: $Var_CoreIdx = num:i(2)
[DEBUG] DEBUG: Comparison [$Var_CoreIdx = num:i(2)] => [3 = 2] Result: False
[DEBUG] DEBUG: Evaluating condition: $Var_CoreIdx = num:i(3)
[DEBUG] DEBUG: Comparison [$Var_CoreIdx = num:i(3)] => [3 = 3] Result: True
[DEBUG] DEBUG_XPATH: _parse_path('DsadcConfigSet/DsadcChannel/*') -> parts=['DsadcConfigSet', 'DsadcChannel', '*']
[DEBUG] DEBUG_XPATH: Navigating segment 'DsadcConfigSet' (axis=child) from 1 nodes
[DEBUG] DEBUG_XPATH:   Current context node: Dsadc (type=module, path=/Dsadc, children=['DsadcDemEventParameterRefs', 'DsadcConfigSet', 'DsadcGeneral', 'CommonPublishedInformation'])
[DEBUG] DEBUG_XPATH: Navigating segment 'DsadcChannel' (axis=child) from 1 nodes
[DEBUG] DEBUG_XPATH:   Current context node: DsadcConfigSet (type=container, path=/Dsadc/DsadcConfigSet, children=['DsadcConfigSet', 'DsadcAnalogClockSource', 'DsadcChannel', 'DsadcCarrierGenerator'])
[DEBUG] DEBUG_XPATH: Navigating segment '*' (axis=child) from 1 nodes
[DEBUG] DEBUG_XPATH:   Current context node: DsadcChannel (type=container, path=/Dsadc/DsadcConfigSet/DsadcConfigSet/DsadcChannel, children=['DsadcChannel_0'])
[DEBUG] DEBUG: Evaluating condition: $Var_DMAModeFlag = 'true'
[DEBUG] DEBUG: Comparison [$Var_DMAModeFlag = 'true'] => [false = true] Result: False
[DEBUG] DEBUG: Evaluating condition: $Var_InterruptModeFlag = 'true'
[DEBUG] DEBUG: Comparison [$Var_InterruptModeFlag = 'true'] => [true = true] Result: True
[DEBUG] DEBUG: Evaluating condition: $Var_PollingModeFlag = 'true'
[DEBUG] DEBUG: Comparison [$Var_PollingModeFlag = 'true'] => [false = true] Result: False
[DEBUG] as_modconf: Looking for module 'Dsadc'
[DEBUG] as_modconf: Available modules: ['dsadc', 'resource']
[DEBUG] as_modconf: Found module 'Dsadc' with children: ['DsadcDemEventParameterRefs', 'DsadcConfigSet', 'DsadcGeneral', 'CommonPublishedInformation']
[DEBUG] DEBUG: as:modconf('Dsadc') - Module FOUND
[DEBUG] DEBUG_XPATH: applied predicate [1], result=Dsadc, rest_path=/DsadcConfigSet/DsadcChannel/*
[DEBUG] DEBUG_XPATH: _parse_path('DsadcConfigSet/DsadcChannel/*') -> parts=['DsadcConfigSet', 'DsadcChannel', '*']
[DEBUG] DEBUG_XPATH: navigating segments [{'name': 'DsadcConfigSet', 'predicates': [], 'axis': 'child'}, {'name': 'DsadcChannel', 'predicates': [], 'axis': 'child'}, {'name': '*', 'predicates': [], 'axis': 'child'}] from Dsadc
[DEBUG] DEBUG_XPATH: Navigating segment 'DsadcConfigSet' (axis=child) from 1 nodes
[DEBUG] DEBUG_XPATH:   Current context node: Dsadc (type=module, path=/Dsadc, children=['DsadcDemEventParameterRefs', 'DsadcConfigSet', 'DsadcGeneral', 'CommonPublishedInformation'])
[DEBUG] DEBUG_XPATH: Navigating segment 'DsadcChannel' (axis=child) from 1 nodes
[DEBUG] DEBUG_XPATH:   Current context node: DsadcConfigSet (type=container, path=/Dsadc/DsadcConfigSet, children=['DsadcConfigSet', 'DsadcAnalogClockSource', 'DsadcChannel', 'DsadcCarrierGenerator'])
[DEBUG] DEBUG_XPATH: Navigating segment '*' (axis=child) from 1 nodes
[DEBUG] DEBUG_XPATH:   Current context node: DsadcChannel (type=container, path=/Dsadc/DsadcConfigSet/DsadcConfigSet/DsadcChannel, children=['DsadcChannel_0'])
[DEBUG] DEBUG_XPATH: _parse_path('DsadcChannelId') -> parts=['DsadcChannelId']
[DEBUG] DEBUG_XPATH: Navigating segment 'DsadcChannelId' (axis=child) from 1 nodes
[DEBUG] DEBUG_XPATH:   Current context node: DsadcChannel_0 (type=container, path=/Dsadc/DsadcConfigSet/DsadcConfigSet/DsadcChannel/DsadcChannel_0, children=['DsadcChannelId', 'DsadcHwUnitId', 'DsadcResultHandlingImplementation', 'DsadcChAuxiliaryFilterChainEnable', 'DsadcChAuxFilterResultAcquisitionEnable', 'DsadcAccessMode', 'DsadcStreamBufferMode', 'DsadcTriggerMode', 'DsadcChTimestampEnable', 'DsadcGateActiveLevel', 'DsadcStreamingNumSamples', 'DsadcModulatorConfig', 'DsadcDemodulatorConfig', 'DsadcFilterConfig', 'DsadcCalibCompConfig'])
[DEBUG] DEBUG_XPATH: _parse_path('DsadcHwUnitId') -> parts=['DsadcHwUnitId']
[DEBUG] DEBUG_XPATH: Navigating segment 'DsadcHwUnitId' (axis=child) from 1 nodes
[DEBUG] DEBUG_XPATH:   Current context node: DsadcChannel_0 (type=container, path=/Dsadc/DsadcConfigSet/DsadcConfigSet/DsadcChannel/DsadcChannel_0, children=['DsadcChannelId', 'DsadcHwUnitId', 'DsadcResultHandlingImplementation', 'DsadcChAuxiliaryFilterChainEnable', 'DsadcChAuxFilterResultAcquisitionEnable', 'DsadcAccessMode', 'DsadcStreamBufferMode', 'DsadcTriggerMode', 'DsadcChTimestampEnable', 'DsadcGateActiveLevel', 'DsadcStreamingNumSamples', 'DsadcModulatorConfig', 'DsadcDemodulatorConfig', 'DsadcFilterConfig', 'DsadcCalibCompConfig'])
[DEBUG] DEBUG_XPATH: _parse_path('DsadcChannelId') -> parts=['DsadcChannelId']
[DEBUG] DEBUG_XPATH: Navigating segment 'DsadcChannelId' (axis=child) from 1 nodes
[DEBUG] DEBUG_XPATH:   Current context node: DsadcChannel_0 (type=container, path=/Dsadc/DsadcConfigSet/DsadcConfigSet/DsadcChannel/DsadcChannel_0, children=['DsadcChannelId', 'DsadcHwUnitId', 'DsadcResultHandlingImplementation', 'DsadcChAuxiliaryFilterChainEnable', 'DsadcChAuxFilterResultAcquisitionEnable', 'DsadcAccessMode', 'DsadcStreamBufferMode', 'DsadcTriggerMode', 'DsadcChTimestampEnable', 'DsadcGateActiveLevel', 'DsadcStreamingNumSamples', 'DsadcModulatorConfig', 'DsadcDemodulatorConfig', 'DsadcFilterConfig', 'DsadcCalibCompConfig'])
Generation successful!
