DEBUG_DEF_ENTRY: Parsing container def 'AdcConfigSet'
DEBUG_DEF: Found v:lst name=AdcHwUnit
DEBUG_DEF_ENTRY: Parsing container def 'AdcHwUnit'
DEBUG_DEF: Found v:lst name=AdcChannel
DEBUG_DEF_ENTRY: Parsing container def 'AdcChannel'
DEBUG_DEF_ADD: Added sub-container 'AdcChannel' to 'AdcHwUnit'
DEBUG_DEF_ENTRY: Parsing container def 'AdcChannel'
DEBUG_DEF: Found v:lst name=AdcGroup
DEBUG_DEF_ENTRY: Parsing container def 'AdcGroup'
DEBUG_DEF: Found v:lst name=AdcGroupDefinition
DEBUG_DEF: Found v:lst name=AdcResultRegisterDefinition
DEBUG_DEF: AdcResultRegisterDefinition multiplicity: 0 .. -1
DEBUG_DEF: Found v:lst name=AdcGroupEcucPartitionRef
DEBUG_DEF_ADD: Added sub-container 'AdcGroup' to 'AdcHwUnit'
DEBUG_DEF_ENTRY: Parsing container def 'AdcGroup'
DEBUG_DEF: Found v:lst name=AdcGroupDefinition
DEBUG_DEF: Found v:lst name=AdcResultRegisterDefinition
DEBUG_DEF: AdcResultRegisterDefinition multiplicity: 0 .. -1
DEBUG_DEF: Found v:lst name=AdcGroupEcucPartitionRef
DEBUG_DEF_ADD: Added sub-container 'AdcHwUnit' to 'AdcConfigSet'
DEBUG_DEF_ENTRY: Parsing container def 'AdcHwUnit'
DEBUG_DEF: Found v:lst name=AdcChannel
DEBUG_DEF_ENTRY: Parsing container def 'AdcChannel'
DEBUG_DEF_ADD: Added sub-container 'AdcChannel' to 'AdcHwUnit'
DEBUG_DEF_ENTRY: Parsing container def 'AdcChannel'
DEBUG_DEF: Found v:lst name=AdcGroup
DEBUG_DEF_ENTRY: Parsing container def 'AdcGroup'
DEBUG_DEF: Found v:lst name=AdcGroupDefinition
DEBUG_DEF: Found v:lst name=AdcResultRegisterDefinition
DEBUG_DEF: AdcResultRegisterDefinition multiplicity: 0 .. -1
DEBUG_DEF: Found v:lst name=AdcGroupEcucPartitionRef
DEBUG_DEF_ADD: Added sub-container 'AdcGroup' to 'AdcHwUnit'
DEBUG_DEF_ENTRY: Parsing container def 'AdcGroup'
DEBUG_DEF: Found v:lst name=AdcGroupDefinition
DEBUG_DEF: Found v:lst name=AdcResultRegisterDefinition
DEBUG_DEF: AdcResultRegisterDefinition multiplicity: 0 .. -1
DEBUG_DEF: Found v:lst name=AdcGroupEcucPartitionRef
DEBUG_DEF_ENTRY: Parsing container def 'AdcGeneral'
DEBUG_DEF: Found v:lst name=AdcEcucPartitionRef
DEBUG_DEF: Found v:lst name=AdcKernelEcucPartitionRef
DEBUG_DEF: Found v:lst name=AdcPowerStateConfig
DEBUG_DEF_ENTRY: Parsing container def 'AdcPowerStateConfig'
DEBUG_DEF_ADD: Added sub-container 'AdcPowerStateConfig' to 'AdcGeneral'
DEBUG_DEF_ENTRY: Parsing container def 'AdcPowerStateConfig'
DEBUG_DEF_ENTRY: Parsing container def 'AdcPublishedInformation'
DEBUG_DEF_ENTRY: Parsing container def 'CommonPublishedInformation'
DEBUG_DEF_ENTRY: Parsing container def 'CanConfigSet'
DEBUG_DEF: Found v:lst name=CanController
DEBUG_DEF_ENTRY: Parsing container def 'CanController'
DEBUG_DEF: Found v:lst name=CanControllerEcucPartitionRef
DEBUG_DEF: Found v:lst name=CanControllerBaudrateConfig
DEBUG_DEF_ENTRY: Parsing container def 'CanControllerBaudrateConfig'
DEBUG_DEF_ENTRY: Parsing container def 'CanControllerFdBaudrateConfig'
DEBUG_DEF_ADD: Added sub-container 'CanControllerBaudrateConfig' to 'CanController'
DEBUG_DEF_ENTRY: Parsing container def 'CanControllerBaudrateConfig'
DEBUG_DEF_ENTRY: Parsing container def 'CanControllerFdBaudrateConfig'
DEBUG_DEF_ENTRY: Parsing container def 'CanTTController'
DEBUG_DEF: Found v:lst name=CanTTControllerEcucPartitionRef
DEBUG_DEF_ADD: Added sub-container 'CanController' to 'CanConfigSet'
DEBUG_DEF_ENTRY: Parsing container def 'CanController'
DEBUG_DEF: Found v:lst name=CanControllerEcucPartitionRef
DEBUG_DEF: Found v:lst name=CanControllerBaudrateConfig
DEBUG_DEF_ENTRY: Parsing container def 'CanControllerBaudrateConfig'
DEBUG_DEF_ENTRY: Parsing container def 'CanControllerFdBaudrateConfig'
DEBUG_DEF_ADD: Added sub-container 'CanControllerBaudrateConfig' to 'CanController'
DEBUG_DEF_ENTRY: Parsing container def 'CanControllerBaudrateConfig'
DEBUG_DEF_ENTRY: Parsing container def 'CanControllerFdBaudrateConfig'
DEBUG_DEF_ENTRY: Parsing container def 'CanTTController'
DEBUG_DEF: Found v:lst name=CanTTControllerEcucPartitionRef
DEBUG_DEF: Found v:lst name=CanHardwareObject
DEBUG_DEF_ENTRY: Parsing container def 'CanHardwareObject'
DEBUG_DEF_ENTRY: Parsing container def 'CanHwFilter'
DEBUG_DEF: Found v:lst name=CanTTHardwareObjectTrigger
DEBUG_DEF_ENTRY: Parsing container def 'CanTTHardwareObjectTrigger'
DEBUG_DEF_ADD: Added sub-container 'CanTTHardwareObjectTrigger' to 'CanHardwareObject'
DEBUG_DEF_ENTRY: Parsing container def 'CanTTHardwareObjectTrigger'
DEBUG_DEF_ADD: Added sub-container 'CanHardwareObject' to 'CanConfigSet'
DEBUG_DEF_ENTRY: Parsing container def 'CanHardwareObject'
DEBUG_DEF_ENTRY: Parsing container def 'CanHwFilter'
DEBUG_DEF: Found v:lst name=CanTTHardwareObjectTrigger
DEBUG_DEF_ENTRY: Parsing container def 'CanTTHardwareObjectTrigger'
DEBUG_DEF_ADD: Added sub-container 'CanTTHardwareObjectTrigger' to 'CanHardwareObject'
DEBUG_DEF_ENTRY: Parsing container def 'CanTTHardwareObjectTrigger'
DEBUG_DEF_ENTRY: Parsing container def 'CanIcom'
DEBUG_DEF: Found v:lst name=CanIcomConfig
DEBUG_DEF_ENTRY: Parsing container def 'CanIcomConfig'
DEBUG_DEF_ENTRY: Parsing container def 'CanIcomWakeupCauses'
DEBUG_DEF: Found v:lst name=CanIcomRxMessage
DEBUG_DEF_ENTRY: Parsing container def 'CanIcomRxMessage'
DEBUG_DEF: Found v:lst name=CanIcomRxMessageSignalConfig
DEBUG_DEF_ENTRY: Parsing container def 'CanIcomRxMessageSignalConfig'
DEBUG_DEF_ADD: Added sub-container 'CanIcomRxMessageSignalConfig' to 'CanIcomRxMessage'
DEBUG_DEF_ENTRY: Parsing container def 'CanIcomRxMessageSignalConfig'
DEBUG_DEF_ADD: Added sub-container 'CanIcomRxMessage' to 'CanIcomWakeupCauses'
DEBUG_DEF_ENTRY: Parsing container def 'CanIcomRxMessage'
DEBUG_DEF: Found v:lst name=CanIcomRxMessageSignalConfig
DEBUG_DEF_ENTRY: Parsing container def 'CanIcomRxMessageSignalConfig'
DEBUG_DEF_ADD: Added sub-container 'CanIcomRxMessageSignalConfig' to 'CanIcomRxMessage'
DEBUG_DEF_ENTRY: Parsing container def 'CanIcomRxMessageSignalConfig'
DEBUG_DEF_ADD: Added sub-container 'CanIcomConfig' to 'CanIcom'
DEBUG_DEF_ENTRY: Parsing container def 'CanIcomConfig'
DEBUG_DEF_ENTRY: Parsing container def 'CanIcomWakeupCauses'
DEBUG_DEF: Found v:lst name=CanIcomRxMessage
DEBUG_DEF_ENTRY: Parsing container def 'CanIcomRxMessage'
DEBUG_DEF: Found v:lst name=CanIcomRxMessageSignalConfig
DEBUG_DEF_ENTRY: Parsing container def 'CanIcomRxMessageSignalConfig'
DEBUG_DEF_ADD: Added sub-container 'CanIcomRxMessageSignalConfig' to 'CanIcomRxMessage'
DEBUG_DEF_ENTRY: Parsing container def 'CanIcomRxMessageSignalConfig'
DEBUG_DEF_ADD: Added sub-container 'CanIcomRxMessage' to 'CanIcomWakeupCauses'
DEBUG_DEF_ENTRY: Parsing container def 'CanIcomRxMessage'
DEBUG_DEF: Found v:lst name=CanIcomRxMessageSignalConfig
DEBUG_DEF_ENTRY: Parsing container def 'CanIcomRxMessageSignalConfig'
DEBUG_DEF_ADD: Added sub-container 'CanIcomRxMessageSignalConfig' to 'CanIcomRxMessage'
DEBUG_DEF_ENTRY: Parsing container def 'CanIcomRxMessageSignalConfig'
DEBUG_DEF_ENTRY: Parsing container def 'CanGeneral'
DEBUG_DEF: Found v:lst name=CanEcucPartitionRef
DEBUG_DEF_ENTRY: Parsing container def 'CanIcomGeneral'
DEBUG_DEF: Found v:lst name=CanMainFunctionRWPeriods
DEBUG_DEF_ENTRY: Parsing container def 'CanMainFunctionRWPeriods'
DEBUG_DEF_ADD: Added sub-container 'CanMainFunctionRWPeriods' to 'CanGeneral'
DEBUG_DEF_ENTRY: Parsing container def 'CanMainFunctionRWPeriods'
DEBUG_DEF_ENTRY: Parsing container def 'CommonPublishedInformation'
DEBUG_DEF_ENTRY: Parsing container def 'DemConfigSet'
DEBUG_DEF: Found v:lst name=DemComponent
DEBUG_DEF_ENTRY: Parsing container def 'DemComponent'
DEBUG_DEF: Found v:lst name=DemImmediateChildComponentRef
DEBUG_DEF_ADD: Added sub-container 'DemComponent' to 'DemConfigSet'
DEBUG_DEF_ENTRY: Parsing container def 'DemComponent'
DEBUG_DEF: Found v:lst name=DemImmediateChildComponentRef
DEBUG_DEF: Found v:lst name=DemDTC
DEBUG_DEF_ENTRY: Parsing container def 'DemDTC'
DEBUG_DEF_ADD: Added sub-container 'DemDTC' to 'DemConfigSet'
DEBUG_DEF_ENTRY: Parsing container def 'DemDTC'
DEBUG_DEF: Found v:lst name=DemDTCAttributes
DEBUG_DEF_ENTRY: Parsing container def 'DemDTCAttributes'
DEBUG_DEF: Found v:lst name=DemMemoryDestinationRef
DEBUG_DEF_ADD: Added sub-container 'DemDTCAttributes' to 'DemConfigSet'
DEBUG_DEF_ENTRY: Parsing container def 'DemDTCAttributes'
DEBUG_DEF: Found v:lst name=DemMemoryDestinationRef
DEBUG_DEF: Found v:lst name=DemDebounceCounterBasedClass
DEBUG_DEF_ENTRY: Parsing container def 'DemDebounceCounterBasedClass'
DEBUG_DEF_ADD: Added sub-container 'DemDebounceCounterBasedClass' to 'DemConfigSet'
DEBUG_DEF_ENTRY: Parsing container def 'DemDebounceCounterBasedClass'
DEBUG_DEF: Found v:lst name=DemDebounceTimeBaseClass
DEBUG_DEF_ENTRY: Parsing container def 'DemDebounceTimeBaseClass'
DEBUG_DEF_ADD: Added sub-container 'DemDebounceTimeBaseClass' to 'DemConfigSet'
DEBUG_DEF_ENTRY: Parsing container def 'DemDebounceTimeBaseClass'
DEBUG_DEF_ENTRY: Parsing container def 'DemDtrs'
DEBUG_DEF: Found v:lst name=DemDtr
DEBUG_DEF_ENTRY: Parsing container def 'DemDtr'
DEBUG_DEF_ADD: Added sub-container 'DemDtr' to 'DemDtrs'
DEBUG_DEF_ENTRY: Parsing container def 'DemDtr'
DEBUG_DEF: Found v:lst name=DemEventParameter
DEBUG_DEF_ENTRY: Parsing container def 'DemEventParameter'
DEBUG_DEF_ENTRY: Parsing container def 'DemCallbackClearEventAllowed'
DEBUG_DEF_ENTRY: Parsing container def 'DemCallbackEventDataChanged'
DEBUG_DEF: Found v:lst name=DemCallbackEventUdsStatusChanged
DEBUG_DEF_ENTRY: Parsing container def 'DemCallbackEventUdsStatusChanged'
DEBUG_DEF_ADD: Added sub-container 'DemCallbackEventUdsStatusChanged' to 'DemEventParameter'
DEBUG_DEF_ENTRY: Parsing container def 'DemCallbackEventUdsStatusChanged'
DEBUG_DEF_ENTRY: Parsing container def 'DemCallbackInitMForE'
DEBUG_DEF: Found v:lst name=DemCallbackMonitorStatusChanged
DEBUG_DEF_ENTRY: Parsing container def 'DemCallbackMonitorStatusChanged'
DEBUG_DEF_ADD: Added sub-container 'DemCallbackMonitorStatusChanged' to 'DemEventParameter'
DEBUG_DEF_ENTRY: Parsing container def 'DemCallbackMonitorStatusChanged'
DEBUG_DEF: Found v:lst name=DemIndicatorAttribute
DEBUG_DEF_ENTRY: Parsing container def 'DemIndicatorAttribute'
DEBUG_DEF_ADD: Added sub-container 'DemIndicatorAttribute' to 'DemEventParameter'
DEBUG_DEF_ENTRY: Parsing container def 'DemIndicatorAttribute'
DEBUG_DEF_ADD: Added sub-container 'DemEventParameter' to 'DemConfigSet'
DEBUG_DEF_ENTRY: Parsing container def 'DemEventParameter'
DEBUG_DEF_ENTRY: Parsing container def 'DemCallbackClearEventAllowed'
DEBUG_DEF_ENTRY: Parsing container def 'DemCallbackEventDataChanged'
DEBUG_DEF: Found v:lst name=DemCallbackEventUdsStatusChanged
DEBUG_DEF_ENTRY: Parsing container def 'DemCallbackEventUdsStatusChanged'
DEBUG_DEF_ADD: Added sub-container 'DemCallbackEventUdsStatusChanged' to 'DemEventParameter'
DEBUG_DEF_ENTRY: Parsing container def 'DemCallbackEventUdsStatusChanged'
DEBUG_DEF_ENTRY: Parsing container def 'DemCallbackInitMForE'
DEBUG_DEF: Found v:lst name=DemCallbackMonitorStatusChanged
DEBUG_DEF_ENTRY: Parsing container def 'DemCallbackMonitorStatusChanged'
DEBUG_DEF_ADD: Added sub-container 'DemCallbackMonitorStatusChanged' to 'DemEventParameter'
DEBUG_DEF_ENTRY: Parsing container def 'DemCallbackMonitorStatusChanged'
DEBUG_DEF: Found v:lst name=DemIndicatorAttribute
DEBUG_DEF_ENTRY: Parsing container def 'DemIndicatorAttribute'
DEBUG_DEF_ADD: Added sub-container 'DemIndicatorAttribute' to 'DemEventParameter'
DEBUG_DEF_ENTRY: Parsing container def 'DemIndicatorAttribute'
DEBUG_DEF: Found v:lst name=DemMultiEventTriggering
DEBUG_DEF_ENTRY: Parsing container def 'DemMultiEventTriggering'
DEBUG_DEF: Found v:lst name=DemMultiEventTriggeringSlaveEventRef
DEBUG_DEF_ADD: Added sub-container 'DemMultiEventTriggering' to 'DemConfigSet'
DEBUG_DEF_ENTRY: Parsing container def 'DemMultiEventTriggering'
DEBUG_DEF: Found v:lst name=DemMultiEventTriggeringSlaveEventRef
DEBUG_DEF: Found v:lst name=DemObdDTC
DEBUG_DEF_ENTRY: Parsing container def 'DemObdDTC'
DEBUG_DEF_ADD: Added sub-container 'DemObdDTC' to 'DemConfigSet'
DEBUG_DEF_ENTRY: Parsing container def 'DemObdDTC'
DEBUG_DEF: Found v:lst name=DemPidClass
DEBUG_DEF_ENTRY: Parsing container def 'DemPidClass'
DEBUG_DEF: Found v:lst name=DemPidDataElement
DEBUG_DEF_ENTRY: Parsing container def 'DemPidDataElement'
DEBUG_DEF_ADD: Added sub-container 'DemPidDataElement' to 'DemPidClass'
DEBUG_DEF_ENTRY: Parsing container def 'DemPidDataElement'
DEBUG_DEF_ADD: Added sub-container 'DemPidClass' to 'DemConfigSet'
DEBUG_DEF_ENTRY: Parsing container def 'DemPidClass'
DEBUG_DEF: Found v:lst name=DemPidDataElement
DEBUG_DEF_ENTRY: Parsing container def 'DemPidDataElement'
DEBUG_DEF_ADD: Added sub-container 'DemPidDataElement' to 'DemPidClass'
DEBUG_DEF_ENTRY: Parsing container def 'DemPidDataElement'
DEBUG_DEF_ENTRY: Parsing container def 'DemGeneral'
DEBUG_DEF: Found v:lst name=DemClient
DEBUG_DEF_ENTRY: Parsing container def 'DemClient'
DEBUG_DEF: Found v:lst name=DemCallbackDTCStatusChanged
DEBUG_DEF_ENTRY: Parsing container def 'DemCallbackDTCStatusChanged'
DEBUG_DEF_ADD: Added sub-container 'DemCallbackDTCStatusChanged' to 'DemClient'
DEBUG_DEF_ENTRY: Parsing container def 'DemCallbackDTCStatusChanged'
DEBUG_DEF_ADD: Added sub-container 'DemClient' to 'DemGeneral'
DEBUG_DEF_ENTRY: Parsing container def 'DemClient'
DEBUG_DEF: Found v:lst name=DemCallbackDTCStatusChanged
DEBUG_DEF_ENTRY: Parsing container def 'DemCallbackDTCStatusChanged'
DEBUG_DEF_ADD: Added sub-container 'DemCallbackDTCStatusChanged' to 'DemClient'
DEBUG_DEF_ENTRY: Parsing container def 'DemCallbackDTCStatusChanged'
DEBUG_DEF: Found v:lst name=DemDataElementClass
DEBUG_DEF: Found v:lst name=DemDidClass
DEBUG_DEF_ENTRY: Parsing container def 'DemDidClass'
DEBUG_DEF: Found v:lst name=DemDidDataElementClassRef
DEBUG_DEF_ADD: Added sub-container 'DemDidClass' to 'DemGeneral'
DEBUG_DEF_ENTRY: Parsing container def 'DemDidClass'
DEBUG_DEF: Found v:lst name=DemDidDataElementClassRef
DEBUG_DEF: Found v:lst name=DemEnableCondition
DEBUG_DEF_ENTRY: Parsing container def 'DemEnableCondition'
DEBUG_DEF_ADD: Added sub-container 'DemEnableCondition' to 'DemGeneral'
DEBUG_DEF_ENTRY: Parsing container def 'DemEnableCondition'
DEBUG_DEF: Found v:lst name=DemEnableConditionGroup
DEBUG_DEF_ENTRY: Parsing container def 'DemEnableConditionGroup'
DEBUG_DEF: Found v:lst name=DemEnableConditionRef
DEBUG_DEF_ADD: Added sub-container 'DemEnableConditionGroup' to 'DemGeneral'
DEBUG_DEF_ENTRY: Parsing container def 'DemEnableConditionGroup'
DEBUG_DEF: Found v:lst name=DemEnableConditionRef
DEBUG_DEF: Found v:lst name=DemEventMemorySet
DEBUG_DEF_ENTRY: Parsing container def 'DemEventMemorySet'
DEBUG_DEF: Found v:lst name=DemClearDTCNotification
DEBUG_DEF_ENTRY: Parsing container def 'DemClearDTCNotification'
DEBUG_DEF_ADD: Added sub-container 'DemClearDTCNotification' to 'DemEventMemorySet'
DEBUG_DEF_ENTRY: Parsing container def 'DemClearDTCNotification'
DEBUG_DEF: Found v:lst name=DemIndicator
DEBUG_DEF_ENTRY: Parsing container def 'DemIndicator'
DEBUG_DEF_ADD: Added sub-container 'DemIndicator' to 'DemEventMemorySet'
DEBUG_DEF_ENTRY: Parsing container def 'DemIndicator'
DEBUG_DEF_ENTRY: Parsing container def 'DemMirrorMemory'
DEBUG_DEF_ENTRY: Parsing container def 'DemPrimaryMemory'
DEBUG_DEF: Found v:lst name=DemGroupOfDTC
DEBUG_DEF_ENTRY: Parsing container def 'DemGroupOfDTC'
DEBUG_DEF_ADD: Added sub-container 'DemGroupOfDTC' to 'DemPrimaryMemory'
DEBUG_DEF_ENTRY: Parsing container def 'DemGroupOfDTC'
DEBUG_DEF: Found v:lst name=DemUserDefinedMemory
DEBUG_DEF_ENTRY: Parsing container def 'DemUserDefinedMemory'
DEBUG_DEF: Found v:lst name=DemGroupOfDTC
DEBUG_DEF_ENTRY: Parsing container def 'DemGroupOfDTC'
DEBUG_DEF_ADD: Added sub-container 'DemGroupOfDTC' to 'DemUserDefinedMemory'
DEBUG_DEF_ENTRY: Parsing container def 'DemGroupOfDTC'
DEBUG_DEF_ADD: Added sub-container 'DemUserDefinedMemory' to 'DemEventMemorySet'
DEBUG_DEF_ENTRY: Parsing container def 'DemUserDefinedMemory'
DEBUG_DEF: Found v:lst name=DemGroupOfDTC
DEBUG_DEF_ENTRY: Parsing container def 'DemGroupOfDTC'
DEBUG_DEF_ADD: Added sub-container 'DemGroupOfDTC' to 'DemUserDefinedMemory'
DEBUG_DEF_ENTRY: Parsing container def 'DemGroupOfDTC'
DEBUG_DEF_ADD: Added sub-container 'DemEventMemorySet' to 'DemGeneral'
DEBUG_DEF_ENTRY: Parsing container def 'DemEventMemorySet'
DEBUG_DEF: Found v:lst name=DemClearDTCNotification
DEBUG_DEF_ENTRY: Parsing container def 'DemClearDTCNotification'
DEBUG_DEF_ADD: Added sub-container 'DemClearDTCNotification' to 'DemEventMemorySet'
DEBUG_DEF_ENTRY: Parsing container def 'DemClearDTCNotification'
DEBUG_DEF: Found v:lst name=DemIndicator
DEBUG_DEF_ENTRY: Parsing container def 'DemIndicator'
DEBUG_DEF_ADD: Added sub-container 'DemIndicator' to 'DemEventMemorySet'
DEBUG_DEF_ENTRY: Parsing container def 'DemIndicator'
DEBUG_DEF_ENTRY: Parsing container def 'DemMirrorMemory'
DEBUG_DEF_ENTRY: Parsing container def 'DemPrimaryMemory'
DEBUG_DEF: Found v:lst name=DemGroupOfDTC
DEBUG_DEF_ENTRY: Parsing container def 'DemGroupOfDTC'
DEBUG_DEF_ADD: Added sub-container 'DemGroupOfDTC' to 'DemPrimaryMemory'
DEBUG_DEF_ENTRY: Parsing container def 'DemGroupOfDTC'
DEBUG_DEF: Found v:lst name=DemUserDefinedMemory
DEBUG_DEF_ENTRY: Parsing container def 'DemUserDefinedMemory'
DEBUG_DEF: Found v:lst name=DemGroupOfDTC
DEBUG_DEF_ENTRY: Parsing container def 'DemGroupOfDTC'
DEBUG_DEF_ADD: Added sub-container 'DemGroupOfDTC' to 'DemUserDefinedMemory'
DEBUG_DEF_ENTRY: Parsing container def 'DemGroupOfDTC'
DEBUG_DEF_ADD: Added sub-container 'DemUserDefinedMemory' to 'DemEventMemorySet'
DEBUG_DEF_ENTRY: Parsing container def 'DemUserDefinedMemory'
DEBUG_DEF: Found v:lst name=DemGroupOfDTC
DEBUG_DEF_ENTRY: Parsing container def 'DemGroupOfDTC'
DEBUG_DEF_ADD: Added sub-container 'DemGroupOfDTC' to 'DemUserDefinedMemory'
DEBUG_DEF_ENTRY: Parsing container def 'DemGroupOfDTC'
DEBUG_DEF: Found v:lst name=DemExtendedDataClass
DEBUG_DEF_ENTRY: Parsing container def 'DemExtendedDataClass'
DEBUG_DEF: Found v:lst name=DemExtendedDataRecordClassRef
DEBUG_DEF_ADD: Added sub-container 'DemExtendedDataClass' to 'DemGeneral'
DEBUG_DEF_ENTRY: Parsing container def 'DemExtendedDataClass'
DEBUG_DEF: Found v:lst name=DemExtendedDataRecordClassRef
DEBUG_DEF: Found v:lst name=DemExtendedDataRecordClass
DEBUG_DEF_ENTRY: Parsing container def 'DemExtendedDataRecordClass'
DEBUG_DEF: Found v:lst name=DemDataElementClassRef
DEBUG_DEF_ADD: Added sub-container 'DemExtendedDataRecordClass' to 'DemGeneral'
DEBUG_DEF_ENTRY: Parsing container def 'DemExtendedDataRecordClass'
DEBUG_DEF: Found v:lst name=DemDataElementClassRef
DEBUG_DEF: Found v:lst name=DemFreezeFrameClass
DEBUG_DEF_ENTRY: Parsing container def 'DemFreezeFrameClass'
DEBUG_DEF: Found v:lst name=DemDidClassRef
DEBUG_DEF_ADD: Added sub-container 'DemFreezeFrameClass' to 'DemGeneral'
DEBUG_DEF_ENTRY: Parsing container def 'DemFreezeFrameClass'
DEBUG_DEF: Found v:lst name=DemDidClassRef
DEBUG_DEF: Found v:lst name=DemFreezeFrameRecNumClass
DEBUG_DEF_ENTRY: Parsing container def 'DemFreezeFrameRecNumClass'
DEBUG_DEF: Found v:lst name=DemFreezeFrameRecordClassRef
DEBUG_DEF_ADD: Added sub-container 'DemFreezeFrameRecNumClass' to 'DemGeneral'
DEBUG_DEF_ENTRY: Parsing container def 'DemFreezeFrameRecNumClass'
DEBUG_DEF: Found v:lst name=DemFreezeFrameRecordClassRef
DEBUG_DEF: Found v:lst name=DemFreezeFrameRecordClass
DEBUG_DEF_ENTRY: Parsing container def 'DemFreezeFrameRecordClass'
DEBUG_DEF_ADD: Added sub-container 'DemFreezeFrameRecordClass' to 'DemGeneral'
DEBUG_DEF_ENTRY: Parsing container def 'DemFreezeFrameRecordClass'
DEBUG_DEF_ENTRY: Parsing container def 'DemGeneralJ1939'
DEBUG_DEF: Found v:lst name=DemCallbackJ1939DTCStatusChanged
DEBUG_DEF_ENTRY: Parsing container def 'DemCallbackJ1939DTCStatusChanged'
DEBUG_DEF_ADD: Added sub-container 'DemCallbackJ1939DTCStatusChanged' to 'DemGeneralJ1939'
DEBUG_DEF_ENTRY: Parsing container def 'DemCallbackJ1939DTCStatusChanged'
DEBUG_DEF: Found v:lst name=DemJ1939FreezeFrameClass
DEBUG_DEF_ENTRY: Parsing container def 'DemJ1939FreezeFrameClass'
DEBUG_DEF: Found v:lst name=DemSPNClassRef
DEBUG_DEF_ADD: Added sub-container 'DemJ1939FreezeFrameClass' to 'DemGeneralJ1939'
DEBUG_DEF_ENTRY: Parsing container def 'DemJ1939FreezeFrameClass'
DEBUG_DEF: Found v:lst name=DemSPNClassRef
DEBUG_DEF: Found v:lst name=DemSPNClass
DEBUG_DEF_ENTRY: Parsing container def 'DemSPNClass'
DEBUG_DEF_ADD: Added sub-container 'DemSPNClass' to 'DemGeneralJ1939'
DEBUG_DEF_ENTRY: Parsing container def 'DemSPNClass'
DEBUG_DEF_ENTRY: Parsing container def 'DemGeneralOBD'
DEBUG_DEF: Found v:lst name=DemCallbackOBDDTCStatusChanged
DEBUG_DEF_ENTRY: Parsing container def 'DemCallbackOBDDTCStatusChanged'
DEBUG_DEF_ADD: Added sub-container 'DemCallbackOBDDTCStatusChanged' to 'DemGeneralOBD'
DEBUG_DEF_ENTRY: Parsing container def 'DemCallbackOBDDTCStatusChanged'
DEBUG_DEF: Found v:lst name=DemNvRamBlockId
DEBUG_DEF_ENTRY: Parsing container def 'DemNvRamBlockId'
DEBUG_DEF_ADD: Added sub-container 'DemNvRamBlockId' to 'DemGeneral'
DEBUG_DEF_ENTRY: Parsing container def 'DemNvRamBlockId'
DEBUG_DEF: Found v:lst name=DemOperationCycle
DEBUG_DEF_ENTRY: Parsing container def 'DemOperationCycle'
DEBUG_DEF_ADD: Added sub-container 'DemOperationCycle' to 'DemGeneral'
DEBUG_DEF_ENTRY: Parsing container def 'DemOperationCycle'
DEBUG_DEF: Found v:lst name=DemRatio
DEBUG_DEF_ENTRY: Parsing container def 'DemRatio'
DEBUG_DEF: Found v:lst name=DemFunctionIdRef
DEBUG_DEF_ADD: Added sub-container 'DemRatio' to 'DemGeneral'
DEBUG_DEF_ENTRY: Parsing container def 'DemRatio'
DEBUG_DEF: Found v:lst name=DemFunctionIdRef
DEBUG_DEF: Found v:lst name=DemStorageCondition
DEBUG_DEF_ENTRY: Parsing container def 'DemStorageCondition'
DEBUG_DEF_ADD: Added sub-container 'DemStorageCondition' to 'DemGeneral'
DEBUG_DEF_ENTRY: Parsing container def 'DemStorageCondition'
DEBUG_DEF: Found v:lst name=DemStorageConditionGroup
DEBUG_DEF_ENTRY: Parsing container def 'DemStorageConditionGroup'
DEBUG_DEF: Found v:lst name=DemStorageConditionRef
DEBUG_DEF_ADD: Added sub-container 'DemStorageConditionGroup' to 'DemGeneral'
DEBUG_DEF_ENTRY: Parsing container def 'DemStorageConditionGroup'
DEBUG_DEF: Found v:lst name=DemStorageConditionRef
DEBUG_DEF_ENTRY: Parsing container def 'DioConfig'
DEBUG_DEF: Found v:lst name=DioPort
DEBUG_DEF_ENTRY: Parsing container def 'DioPort'
DEBUG_DEF: Found v:lst name=DioChannel
DEBUG_DEF_ENTRY: Parsing container def 'DioChannel'
DEBUG_DEF: Found v:lst name=DioChannelEcucPartitionRef
DEBUG_DEF_ADD: Added sub-container 'DioChannel' to 'DioPort'
DEBUG_DEF_ENTRY: Parsing container def 'DioChannel'
DEBUG_DEF: Found v:lst name=DioChannelEcucPartitionRef
DEBUG_DEF: Found v:lst name=DioChannelGroup
DEBUG_DEF_ENTRY: Parsing container def 'DioChannelGroup'
DEBUG_DEF: Found v:lst name=DioChannelGroupEcucPartitionRef
DEBUG_DEF_ADD: Added sub-container 'DioChannelGroup' to 'DioPort'
DEBUG_DEF_ENTRY: Parsing container def 'DioChannelGroup'
DEBUG_DEF: Found v:lst name=DioChannelGroupEcucPartitionRef
DEBUG_DEF: Found v:lst name=DioPortEcucPartitionRef
DEBUG_DEF_ADD: Added sub-container 'DioPort' to 'DioConfig'
DEBUG_DEF_ENTRY: Parsing container def 'DioPort'
DEBUG_DEF: Found v:lst name=DioChannel
DEBUG_DEF_ENTRY: Parsing container def 'DioChannel'
DEBUG_DEF: Found v:lst name=DioChannelEcucPartitionRef
DEBUG_DEF_ADD: Added sub-container 'DioChannel' to 'DioPort'
DEBUG_DEF_ENTRY: Parsing container def 'DioChannel'
DEBUG_DEF: Found v:lst name=DioChannelEcucPartitionRef
DEBUG_DEF: Found v:lst name=DioChannelGroup
DEBUG_DEF_ENTRY: Parsing container def 'DioChannelGroup'
DEBUG_DEF: Found v:lst name=DioChannelGroupEcucPartitionRef
DEBUG_DEF_ADD: Added sub-container 'DioChannelGroup' to 'DioPort'
DEBUG_DEF_ENTRY: Parsing container def 'DioChannelGroup'
DEBUG_DEF: Found v:lst name=DioChannelGroupEcucPartitionRef
DEBUG_DEF: Found v:lst name=DioPortEcucPartitionRef
DEBUG_DEF_ENTRY: Parsing container def 'DioGeneral'
DEBUG_DEF: Found v:lst name=DioEcucPartitionRef
DEBUG_DEF_ENTRY: Parsing container def 'CommonPublishedInformation'
DEBUG_DEF_ENTRY: Parsing container def 'DmaGeneral'
DEBUG_DEF_ENTRY: Parsing container def 'DmaConfigSet'
DEBUG_DEF: Found v:lst name=DmaChannel
DEBUG_DEF_ENTRY: Parsing container def 'DmaChannel'
DEBUG_DEF_ENTRY: Parsing container def 'DmaChannelInterruptConfig'
DEBUG_DEF: Found v:lst name=DmaChTransferConfig
DEBUG_DEF_ENTRY: Parsing container def 'DmaChTransferConfig'
DEBUG_DEF_ADD: Added sub-container 'DmaChTransferConfig' to 'DmaChannel'
DEBUG_DEF_ENTRY: Parsing container def 'DmaChTransferConfig'
DEBUG_DEF: Found v:lst name=DmaChLinkedListItemConfig
DEBUG_DEF_ENTRY: Parsing container def 'DmaChLinkedListItemConfig'
DEBUG_DEF: Found v:lst name=DmaChLinkedListTransferAssignment
DEBUG_DEF_ADD: Added sub-container 'DmaChLinkedListItemConfig' to 'DmaChannel'
DEBUG_DEF_ENTRY: Parsing container def 'DmaChLinkedListItemConfig'
DEBUG_DEF: Found v:lst name=DmaChLinkedListTransferAssignment
DEBUG_DEF: Found v:lst name=DmaChShadowConfig
DEBUG_DEF_ENTRY: Parsing container def 'DmaChShadowConfig'
DEBUG_DEF_ADD: Added sub-container 'DmaChShadowConfig' to 'DmaChannel'
DEBUG_DEF_ENTRY: Parsing container def 'DmaChShadowConfig'
DEBUG_DEF_ADD: Added sub-container 'DmaChannel' to 'DmaConfigSet'
DEBUG_DEF_ENTRY: Parsing container def 'DmaChannel'
DEBUG_DEF_ENTRY: Parsing container def 'DmaChannelInterruptConfig'
DEBUG_DEF: Found v:lst name=DmaChTransferConfig
DEBUG_DEF_ENTRY: Parsing container def 'DmaChTransferConfig'
DEBUG_DEF_ADD: Added sub-container 'DmaChTransferConfig' to 'DmaChannel'
DEBUG_DEF_ENTRY: Parsing container def 'DmaChTransferConfig'
DEBUG_DEF: Found v:lst name=DmaChLinkedListItemConfig
DEBUG_DEF_ENTRY: Parsing container def 'DmaChLinkedListItemConfig'
DEBUG_DEF: Found v:lst name=DmaChLinkedListTransferAssignment
DEBUG_DEF_ADD: Added sub-container 'DmaChLinkedListItemConfig' to 'DmaChannel'
DEBUG_DEF_ENTRY: Parsing container def 'DmaChLinkedListItemConfig'
DEBUG_DEF: Found v:lst name=DmaChLinkedListTransferAssignment
DEBUG_DEF: Found v:lst name=DmaChShadowConfig
DEBUG_DEF_ENTRY: Parsing container def 'DmaChShadowConfig'
DEBUG_DEF_ADD: Added sub-container 'DmaChShadowConfig' to 'DmaChannel'
DEBUG_DEF_ENTRY: Parsing container def 'DmaChShadowConfig'
DEBUG_DEF: Found v:lst name=DmaDoubleBuffer
DEBUG_DEF_ENTRY: Parsing container def 'DmaDoubleBuffer'
DEBUG_DEF_ADD: Added sub-container 'DmaDoubleBuffer' to 'DmaConfigSet'
DEBUG_DEF_ENTRY: Parsing container def 'DmaDoubleBuffer'
DEBUG_DEF: Found v:lst name=DmaCircularBuffer
DEBUG_DEF_ENTRY: Parsing container def 'DmaCircularBuffer'
DEBUG_DEF_ADD: Added sub-container 'DmaCircularBuffer' to 'DmaConfigSet'
DEBUG_DEF_ENTRY: Parsing container def 'DmaCircularBuffer'
DEBUG_DEF: Found v:lst name=DmaPattern
DEBUG_DEF_ENTRY: Parsing container def 'DmaPattern'
DEBUG_DEF_ADD: Added sub-container 'DmaPattern' to 'DmaConfigSet'
DEBUG_DEF_ENTRY: Parsing container def 'DmaPattern'
DEBUG_DEF: Found v:lst name=DmaDaisyChain
DEBUG_DEF_ENTRY: Parsing container def 'DmaDaisyChain'
DEBUG_DEF: Found v:lst name=DmaDaisyChainAssignment
DEBUG_DEF_ADD: Added sub-container 'DmaDaisyChain' to 'DmaConfigSet'
DEBUG_DEF_ENTRY: Parsing container def 'DmaDaisyChain'
DEBUG_DEF: Found v:lst name=DmaDaisyChainAssignment
DEBUG_DEF: Found v:lst name=DmaUserHeaderFile
DEBUG_DEF_ENTRY: Parsing container def 'CommonPublishedInformation'
DEBUG_DEF_ENTRY: Parsing container def 'DsadcDemEventParameterRefs'
DEBUG_DEF_ENTRY: Parsing container def 'DsadcConfigSet'
DEBUG_DEF: Found v:lst name=DsadcChannel
DEBUG_DEF_ENTRY: Parsing container def 'DsadcChannel'
DEBUG_DEF: Found v:lst name=DsadcModulatorConfig
DEBUG_DEF_ENTRY: Parsing container def 'DsadcModulatorConfig'
DEBUG_DEF_ADD: Added sub-container 'DsadcModulatorConfig' to 'DsadcChannel'
DEBUG_DEF_ENTRY: Parsing container def 'DsadcModulatorConfig'
DEBUG_DEF: Found v:lst name=DsadcDemodulatorConfig
DEBUG_DEF_ENTRY: Parsing container def 'DsadcDemodulatorConfig'
DEBUG_DEF: Found v:lst name=DsadcTimestampConfig
DEBUG_DEF_ENTRY: Parsing container def 'DsadcTimestampConfig'
DEBUG_DEF_ADD: Added sub-container 'DsadcTimestampConfig' to 'DsadcDemodulatorConfig'
DEBUG_DEF_ENTRY: Parsing container def 'DsadcTimestampConfig'
DEBUG_DEF_ADD: Added sub-container 'DsadcDemodulatorConfig' to 'DsadcChannel'
DEBUG_DEF_ENTRY: Parsing container def 'DsadcDemodulatorConfig'
DEBUG_DEF: Found v:lst name=DsadcTimestampConfig
DEBUG_DEF_ENTRY: Parsing container def 'DsadcTimestampConfig'
DEBUG_DEF_ADD: Added sub-container 'DsadcTimestampConfig' to 'DsadcDemodulatorConfig'
DEBUG_DEF_ENTRY: Parsing container def 'DsadcTimestampConfig'
DEBUG_DEF: Found v:lst name=DsadcFilterConfig
DEBUG_DEF_ENTRY: Parsing container def 'DsadcFilterConfig'
DEBUG_DEF_ENTRY: Parsing container def 'DsadcAuxFilterConfig'
DEBUG_DEF: Found v:lst name=DsadcLimitCheckingConfig
DEBUG_DEF_ENTRY: Parsing container def 'DsadcLimitCheckingConfig'
DEBUG_DEF_ADD: Added sub-container 'DsadcLimitCheckingConfig' to 'DsadcFilterConfig'
DEBUG_DEF_ENTRY: Parsing container def 'DsadcLimitCheckingConfig'
DEBUG_DEF_ADD: Added sub-container 'DsadcFilterConfig' to 'DsadcChannel'
DEBUG_DEF_ENTRY: Parsing container def 'DsadcFilterConfig'
DEBUG_DEF_ENTRY: Parsing container def 'DsadcAuxFilterConfig'
DEBUG_DEF: Found v:lst name=DsadcLimitCheckingConfig
DEBUG_DEF_ENTRY: Parsing container def 'DsadcLimitCheckingConfig'
DEBUG_DEF_ADD: Added sub-container 'DsadcLimitCheckingConfig' to 'DsadcFilterConfig'
DEBUG_DEF_ENTRY: Parsing container def 'DsadcLimitCheckingConfig'
DEBUG_DEF: Found v:lst name=DsadcCalibCompConfig
DEBUG_DEF_ENTRY: Parsing container def 'DsadcCalibCompConfig'
DEBUG_DEF_ADD: Added sub-container 'DsadcCalibCompConfig' to 'DsadcChannel'
DEBUG_DEF_ENTRY: Parsing container def 'DsadcCalibCompConfig'
DEBUG_DEF_ADD: Added sub-container 'DsadcChannel' to 'DsadcConfigSet'
DEBUG_DEF_ENTRY: Parsing container def 'DsadcChannel'
DEBUG_DEF: Found v:lst name=DsadcModulatorConfig
DEBUG_DEF_ENTRY: Parsing container def 'DsadcModulatorConfig'
DEBUG_DEF_ADD: Added sub-container 'DsadcModulatorConfig' to 'DsadcChannel'
DEBUG_DEF_ENTRY: Parsing container def 'DsadcModulatorConfig'
DEBUG_DEF: Found v:lst name=DsadcDemodulatorConfig
DEBUG_DEF_ENTRY: Parsing container def 'DsadcDemodulatorConfig'
DEBUG_DEF: Found v:lst name=DsadcTimestampConfig
DEBUG_DEF_ENTRY: Parsing container def 'DsadcTimestampConfig'
DEBUG_DEF_ADD: Added sub-container 'DsadcTimestampConfig' to 'DsadcDemodulatorConfig'
DEBUG_DEF_ENTRY: Parsing container def 'DsadcTimestampConfig'
DEBUG_DEF_ADD: Added sub-container 'DsadcDemodulatorConfig' to 'DsadcChannel'
DEBUG_DEF_ENTRY: Parsing container def 'DsadcDemodulatorConfig'
DEBUG_DEF: Found v:lst name=DsadcTimestampConfig
DEBUG_DEF_ENTRY: Parsing container def 'DsadcTimestampConfig'
DEBUG_DEF_ADD: Added sub-container 'DsadcTimestampConfig' to 'DsadcDemodulatorConfig'
DEBUG_DEF_ENTRY: Parsing container def 'DsadcTimestampConfig'
DEBUG_DEF: Found v:lst name=DsadcFilterConfig
DEBUG_DEF_ENTRY: Parsing container def 'DsadcFilterConfig'
DEBUG_DEF_ENTRY: Parsing container def 'DsadcAuxFilterConfig'
DEBUG_DEF: Found v:lst name=DsadcLimitCheckingConfig
DEBUG_DEF_ENTRY: Parsing container def 'DsadcLimitCheckingConfig'
DEBUG_DEF_ADD: Added sub-container 'DsadcLimitCheckingConfig' to 'DsadcFilterConfig'
DEBUG_DEF_ENTRY: Parsing container def 'DsadcLimitCheckingConfig'
DEBUG_DEF_ADD: Added sub-container 'DsadcFilterConfig' to 'DsadcChannel'
DEBUG_DEF_ENTRY: Parsing container def 'DsadcFilterConfig'
DEBUG_DEF_ENTRY: Parsing container def 'DsadcAuxFilterConfig'
DEBUG_DEF: Found v:lst name=DsadcLimitCheckingConfig
DEBUG_DEF_ENTRY: Parsing container def 'DsadcLimitCheckingConfig'
DEBUG_DEF_ADD: Added sub-container 'DsadcLimitCheckingConfig' to 'DsadcFilterConfig'
DEBUG_DEF_ENTRY: Parsing container def 'DsadcLimitCheckingConfig'
DEBUG_DEF: Found v:lst name=DsadcCalibCompConfig
DEBUG_DEF_ENTRY: Parsing container def 'DsadcCalibCompConfig'
DEBUG_DEF_ADD: Added sub-container 'DsadcCalibCompConfig' to 'DsadcChannel'
DEBUG_DEF_ENTRY: Parsing container def 'DsadcCalibCompConfig'
DEBUG_DEF: Found v:lst name=DsadcCarrierGenerator
DEBUG_DEF_ENTRY: Parsing container def 'DsadcCarrierGenerator'
DEBUG_DEF_ADD: Added sub-container 'DsadcCarrierGenerator' to 'DsadcConfigSet'
DEBUG_DEF_ENTRY: Parsing container def 'DsadcCarrierGenerator'
DEBUG_DEF_ENTRY: Parsing container def 'DsadcGeneral'
DEBUG_DEF_ENTRY: Parsing container def 'CommonPublishedInformation'
DEBUG_DEF_ENTRY: Parsing container def 'EcucSelectedLoadableVariant'
DEBUG_DEF_ENTRY: Parsing container def 'EcucPostBuildVariants'
DEBUG_DEF: Found v:lst name=EcucPostBuildVariantRef
DEBUG_DEF_ENTRY: Parsing container def 'EthConfigSet'
DEBUG_DEF: Found v:lst name=EthCtrlConfig
DEBUG_DEF_ENTRY: Parsing container def 'EthCtrlConfig'
DEBUG_DEF_ENTRY: Parsing container def 'EthCtrlConfigEgress'
DEBUG_DEF: Found v:lst name=EthCtrlConfigEgressFifo
DEBUG_DEF_ENTRY: Parsing container def 'EthCtrlConfigEgressFifo'
DEBUG_DEF: Found v:lst name=EthCtrlConfigEgressFifoPriorityAssignment
DEBUG_DEF_ADD: Added sub-container 'EthCtrlConfigEgressFifo' to 'EthCtrlConfigEgress'
DEBUG_DEF_ENTRY: Parsing container def 'EthCtrlConfigEgressFifo'
DEBUG_DEF: Found v:lst name=EthCtrlConfigEgressFifoPriorityAssignment
DEBUG_DEF: Found v:lst name=EthCtrlConfigScheduler
DEBUG_DEF_ENTRY: Parsing container def 'EthCtrlConfigScheduler'
DEBUG_DEF: Found v:lst name=EthCtrlConfigSchedulerPredecessor
DEBUG_DEF_ENTRY: Parsing container def 'EthCtrlConfigSchedulerPredecessor'
DEBUG_DEF_ADD: Added sub-container 'EthCtrlConfigSchedulerPredecessor' to 'EthCtrlConfigScheduler'
DEBUG_DEF_ENTRY: Parsing container def 'EthCtrlConfigSchedulerPredecessor'
DEBUG_DEF_ADD: Added sub-container 'EthCtrlConfigScheduler' to 'EthCtrlConfigEgress'
DEBUG_DEF_ENTRY: Parsing container def 'EthCtrlConfigScheduler'
DEBUG_DEF: Found v:lst name=EthCtrlConfigSchedulerPredecessor
DEBUG_DEF_ENTRY: Parsing container def 'EthCtrlConfigSchedulerPredecessor'
DEBUG_DEF_ADD: Added sub-container 'EthCtrlConfigSchedulerPredecessor' to 'EthCtrlConfigScheduler'
DEBUG_DEF_ENTRY: Parsing container def 'EthCtrlConfigSchedulerPredecessor'
DEBUG_DEF: Found v:lst name=EthCtrlConfigShaper
DEBUG_DEF_ENTRY: Parsing container def 'EthCtrlConfigShaper'
DEBUG_DEF: Found v:lst name=EthCtrlConfigShaperIdleSlope
DEBUG_DEF_ADD: Added sub-container 'EthCtrlConfigShaper' to 'EthCtrlConfigEgress'
DEBUG_DEF_ENTRY: Parsing container def 'EthCtrlConfigShaper'
DEBUG_DEF: Found v:lst name=EthCtrlConfigShaperIdleSlope
DEBUG_DEF: Found v:lst name=EthCtrlConfigDMAArbitration
DEBUG_DEF_ENTRY: Parsing container def 'EthCtrlConfigDMAArbitration'
DEBUG_DEF: Found v:lst name=EthCtrlConfigDMAWeightAssignment
DEBUG_DEF_ENTRY: Parsing container def 'EthCtrlConfigDMAWeightAssignment'
DEBUG_DEF_ADD: Added sub-container 'EthCtrlConfigDMAWeightAssignment' to 'EthCtrlConfigDMAArbitration'
DEBUG_DEF_ENTRY: Parsing container def 'EthCtrlConfigDMAWeightAssignment'
DEBUG_DEF_ADD: Added sub-container 'EthCtrlConfigDMAArbitration' to 'EthCtrlConfigEgress'
DEBUG_DEF_ENTRY: Parsing container def 'EthCtrlConfigDMAArbitration'
DEBUG_DEF: Found v:lst name=EthCtrlConfigDMAWeightAssignment
DEBUG_DEF_ENTRY: Parsing container def 'EthCtrlConfigDMAWeightAssignment'
DEBUG_DEF_ADD: Added sub-container 'EthCtrlConfigDMAWeightAssignment' to 'EthCtrlConfigDMAArbitration'
DEBUG_DEF_ENTRY: Parsing container def 'EthCtrlConfigDMAWeightAssignment'
DEBUG_DEF_ENTRY: Parsing container def 'EthCtrlConfigIngress'
DEBUG_DEF: Found v:lst name=EthCtrlConfigIngressFifo
DEBUG_DEF_ENTRY: Parsing container def 'EthCtrlConfigIngressFifo'
DEBUG_DEF: Found v:lst name=EthCtrlConfigIngressFifoPriorityAssignment
DEBUG_DEF_ADD: Added sub-container 'EthCtrlConfigIngressFifo' to 'EthCtrlConfigIngress'
DEBUG_DEF_ENTRY: Parsing container def 'EthCtrlConfigIngressFifo'
DEBUG_DEF: Found v:lst name=EthCtrlConfigIngressFifoPriorityAssignment
DEBUG_DEF: Found v:lst name=EthDemEventParameterRefs
DEBUG_DEF_ENTRY: Parsing container def 'EthDemEventParameterRefs'
DEBUG_DEF: Found v:lst name=ETH_E_ACCESS
DEBUG_DEF: Found v:lst name=ETH_E_ALIGNMENT
DEBUG_DEF: Found v:lst name=ETH_E_CRC
DEBUG_DEF: Found v:lst name=ETH_E_LATECOLLISION
DEBUG_DEF: Found v:lst name=ETH_E_MULTIPLECOLLISION
DEBUG_DEF: Found v:lst name=ETH_E_OVERSIZEFRAME
DEBUG_DEF: Found v:lst name=ETH_E_RX_FRAMES_LOST
DEBUG_DEF: Found v:lst name=ETH_E_SINGLECOLLISION
DEBUG_DEF: Found v:lst name=ETH_E_UNDERSIZEFRAME
DEBUG_DEF_ADD: Added sub-container 'EthDemEventParameterRefs' to 'EthCtrlConfig'
DEBUG_DEF_ENTRY: Parsing container def 'EthDemEventParameterRefs'
DEBUG_DEF: Found v:lst name=ETH_E_ACCESS
DEBUG_DEF: Found v:lst name=ETH_E_ALIGNMENT
DEBUG_DEF: Found v:lst name=ETH_E_CRC
DEBUG_DEF: Found v:lst name=ETH_E_LATECOLLISION
DEBUG_DEF: Found v:lst name=ETH_E_MULTIPLECOLLISION
DEBUG_DEF: Found v:lst name=ETH_E_OVERSIZEFRAME
DEBUG_DEF: Found v:lst name=ETH_E_RX_FRAMES_LOST
DEBUG_DEF: Found v:lst name=ETH_E_SINGLECOLLISION
DEBUG_DEF: Found v:lst name=ETH_E_UNDERSIZEFRAME
DEBUG_DEF_ADD: Added sub-container 'EthCtrlConfig' to 'EthConfigSet'
DEBUG_DEF_ENTRY: Parsing container def 'EthCtrlConfig'
DEBUG_DEF_ENTRY: Parsing container def 'EthCtrlConfigEgress'
DEBUG_DEF: Found v:lst name=EthCtrlConfigEgressFifo
DEBUG_DEF_ENTRY: Parsing container def 'EthCtrlConfigEgressFifo'
DEBUG_DEF: Found v:lst name=EthCtrlConfigEgressFifoPriorityAssignment
DEBUG_DEF_ADD: Added sub-container 'EthCtrlConfigEgressFifo' to 'EthCtrlConfigEgress'
DEBUG_DEF_ENTRY: Parsing container def 'EthCtrlConfigEgressFifo'
DEBUG_DEF: Found v:lst name=EthCtrlConfigEgressFifoPriorityAssignment
DEBUG_DEF: Found v:lst name=EthCtrlConfigScheduler
DEBUG_DEF_ENTRY: Parsing container def 'EthCtrlConfigScheduler'
DEBUG_DEF: Found v:lst name=EthCtrlConfigSchedulerPredecessor
DEBUG_DEF_ENTRY: Parsing container def 'EthCtrlConfigSchedulerPredecessor'
DEBUG_DEF_ADD: Added sub-container 'EthCtrlConfigSchedulerPredecessor' to 'EthCtrlConfigScheduler'
DEBUG_DEF_ENTRY: Parsing container def 'EthCtrlConfigSchedulerPredecessor'
DEBUG_DEF_ADD: Added sub-container 'EthCtrlConfigScheduler' to 'EthCtrlConfigEgress'
DEBUG_DEF_ENTRY: Parsing container def 'EthCtrlConfigScheduler'
DEBUG_DEF: Found v:lst name=EthCtrlConfigSchedulerPredecessor
DEBUG_DEF_ENTRY: Parsing container def 'EthCtrlConfigSchedulerPredecessor'
DEBUG_DEF_ADD: Added sub-container 'EthCtrlConfigSchedulerPredecessor' to 'EthCtrlConfigScheduler'
DEBUG_DEF_ENTRY: Parsing container def 'EthCtrlConfigSchedulerPredecessor'
DEBUG_DEF: Found v:lst name=EthCtrlConfigShaper
DEBUG_DEF_ENTRY: Parsing container def 'EthCtrlConfigShaper'
DEBUG_DEF: Found v:lst name=EthCtrlConfigShaperIdleSlope
DEBUG_DEF_ADD: Added sub-container 'EthCtrlConfigShaper' to 'EthCtrlConfigEgress'
DEBUG_DEF_ENTRY: Parsing container def 'EthCtrlConfigShaper'
DEBUG_DEF: Found v:lst name=EthCtrlConfigShaperIdleSlope
DEBUG_DEF: Found v:lst name=EthCtrlConfigDMAArbitration
DEBUG_DEF_ENTRY: Parsing container def 'EthCtrlConfigDMAArbitration'
DEBUG_DEF: Found v:lst name=EthCtrlConfigDMAWeightAssignment
DEBUG_DEF_ENTRY: Parsing container def 'EthCtrlConfigDMAWeightAssignment'
DEBUG_DEF_ADD: Added sub-container 'EthCtrlConfigDMAWeightAssignment' to 'EthCtrlConfigDMAArbitration'
DEBUG_DEF_ENTRY: Parsing container def 'EthCtrlConfigDMAWeightAssignment'
DEBUG_DEF_ADD: Added sub-container 'EthCtrlConfigDMAArbitration' to 'EthCtrlConfigEgress'
DEBUG_DEF_ENTRY: Parsing container def 'EthCtrlConfigDMAArbitration'
DEBUG_DEF: Found v:lst name=EthCtrlConfigDMAWeightAssignment
DEBUG_DEF_ENTRY: Parsing container def 'EthCtrlConfigDMAWeightAssignment'
DEBUG_DEF_ADD: Added sub-container 'EthCtrlConfigDMAWeightAssignment' to 'EthCtrlConfigDMAArbitration'
DEBUG_DEF_ENTRY: Parsing container def 'EthCtrlConfigDMAWeightAssignment'
DEBUG_DEF_ENTRY: Parsing container def 'EthCtrlConfigIngress'
DEBUG_DEF: Found v:lst name=EthCtrlConfigIngressFifo
DEBUG_DEF_ENTRY: Parsing container def 'EthCtrlConfigIngressFifo'
DEBUG_DEF: Found v:lst name=EthCtrlConfigIngressFifoPriorityAssignment
DEBUG_DEF_ADD: Added sub-container 'EthCtrlConfigIngressFifo' to 'EthCtrlConfigIngress'
DEBUG_DEF_ENTRY: Parsing container def 'EthCtrlConfigIngressFifo'
DEBUG_DEF: Found v:lst name=EthCtrlConfigIngressFifoPriorityAssignment
DEBUG_DEF: Found v:lst name=EthDemEventParameterRefs
DEBUG_DEF_ENTRY: Parsing container def 'EthDemEventParameterRefs'
DEBUG_DEF: Found v:lst name=ETH_E_ACCESS
DEBUG_DEF: Found v:lst name=ETH_E_ALIGNMENT
DEBUG_DEF: Found v:lst name=ETH_E_CRC
DEBUG_DEF: Found v:lst name=ETH_E_LATECOLLISION
DEBUG_DEF: Found v:lst name=ETH_E_MULTIPLECOLLISION
DEBUG_DEF: Found v:lst name=ETH_E_OVERSIZEFRAME
DEBUG_DEF: Found v:lst name=ETH_E_RX_FRAMES_LOST
DEBUG_DEF: Found v:lst name=ETH_E_SINGLECOLLISION
DEBUG_DEF: Found v:lst name=ETH_E_UNDERSIZEFRAME
DEBUG_DEF_ADD: Added sub-container 'EthDemEventParameterRefs' to 'EthCtrlConfig'
DEBUG_DEF_ENTRY: Parsing container def 'EthDemEventParameterRefs'
DEBUG_DEF: Found v:lst name=ETH_E_ACCESS
DEBUG_DEF: Found v:lst name=ETH_E_ALIGNMENT
DEBUG_DEF: Found v:lst name=ETH_E_CRC
DEBUG_DEF: Found v:lst name=ETH_E_LATECOLLISION
DEBUG_DEF: Found v:lst name=ETH_E_MULTIPLECOLLISION
DEBUG_DEF: Found v:lst name=ETH_E_OVERSIZEFRAME
DEBUG_DEF: Found v:lst name=ETH_E_RX_FRAMES_LOST
DEBUG_DEF: Found v:lst name=ETH_E_SINGLECOLLISION
DEBUG_DEF: Found v:lst name=ETH_E_UNDERSIZEFRAME
DEBUG_DEF_ENTRY: Parsing container def 'EthGeneral'
DEBUG_DEF: Found v:lst name=EthEcucPartitionRef
DEBUG_DEF_ENTRY: Parsing container def 'EthCtrlOffloading'
DEBUG_DEF_ENTRY: Parsing container def 'CommonPublishedInformation'
DEBUG_DEF_ENTRY: Parsing container def 'FeeDemEventParameterRefs'
DEBUG_DEF_ENTRY: Parsing container def 'FeeBlockConfiguration'
DEBUG_DEF_ENTRY: Parsing container def 'FeeGeneral'
DEBUG_DEF_ENTRY: Parsing container def 'FeePublishedInformation'
DEBUG_DEF_ENTRY: Parsing container def 'CommonPublishedInformation'
DEBUG_DEF_ENTRY: Parsing container def 'FlsGeneral'
DEBUG_DEF_ENTRY: Parsing container def 'FlsConfigSet'
DEBUG_DEF: Found v:lst name=FlsExternalDriver
DEBUG_DEF_ENTRY: Parsing container def 'FlsExternalDriver'
DEBUG_DEF: Found v:lst name=FlsSpiReference
DEBUG_DEF_ADD: Added sub-container 'FlsExternalDriver' to 'FlsConfigSet'
DEBUG_DEF_ENTRY: Parsing container def 'FlsExternalDriver'
DEBUG_DEF: Found v:lst name=FlsSpiReference
DEBUG_DEF_ENTRY: Parsing container def 'FlsSectorList'
DEBUG_DEF: Found v:lst name=FlsSector
DEBUG_DEF_ENTRY: Parsing container def 'FlsSector'
DEBUG_DEF_ADD: Added sub-container 'FlsSector' to 'FlsSectorList'
DEBUG_DEF_ENTRY: Parsing container def 'FlsSector'
DEBUG_DEF_ENTRY: Parsing container def 'FlsPublishedInformation'
DEBUG_DEF_ENTRY: Parsing container def 'CommonPublishedInformation'
DEBUG_DEF_ENTRY: Parsing container def 'GptChannelConfigSet'
DEBUG_DEF: Found v:lst name=GptChannelConfiguration
DEBUG_DEF_ENTRY: Parsing container def 'GptChannelConfiguration'
DEBUG_DEF: Found v:lst name=GptChannelEcucPartitionRef
DEBUG_DEF: Found v:lst name=GptNotification
DEBUG_DEF: Found v:lst name=GtmTimerOutputModuleConfiguration
DEBUG_DEF_ENTRY: Parsing container def 'GtmTimerOutputModuleConfiguration'
DEBUG_DEF_ADD: Added sub-container 'GtmTimerOutputModuleConfiguration' to 'GptChannelConfiguration'
DEBUG_DEF_ENTRY: Parsing container def 'GtmTimerOutputModuleConfiguration'
DEBUG_DEF: Found v:lst name=GptWakeupConfiguration
DEBUG_DEF_ENTRY: Parsing container def 'GptWakeupConfiguration'
DEBUG_DEF_ADD: Added sub-container 'GptWakeupConfiguration' to 'GptChannelConfiguration'
DEBUG_DEF_ENTRY: Parsing container def 'GptWakeupConfiguration'
DEBUG_DEF_ADD: Added sub-container 'GptChannelConfiguration' to 'GptChannelConfigSet'
DEBUG_DEF_ENTRY: Parsing container def 'GptChannelConfiguration'
DEBUG_DEF: Found v:lst name=GptChannelEcucPartitionRef
DEBUG_DEF: Found v:lst name=GptNotification
DEBUG_DEF: Found v:lst name=GtmTimerOutputModuleConfiguration
DEBUG_DEF_ENTRY: Parsing container def 'GtmTimerOutputModuleConfiguration'
DEBUG_DEF_ADD: Added sub-container 'GtmTimerOutputModuleConfiguration' to 'GptChannelConfiguration'
DEBUG_DEF_ENTRY: Parsing container def 'GtmTimerOutputModuleConfiguration'
DEBUG_DEF: Found v:lst name=GptWakeupConfiguration
DEBUG_DEF_ENTRY: Parsing container def 'GptWakeupConfiguration'
DEBUG_DEF_ADD: Added sub-container 'GptWakeupConfiguration' to 'GptChannelConfiguration'
DEBUG_DEF_ENTRY: Parsing container def 'GptWakeupConfiguration'
DEBUG_DEF_ENTRY: Parsing container def 'GptConfigurationOfOptApiServices'
DEBUG_DEF_ENTRY: Parsing container def 'GptDriverConfiguration'
DEBUG_DEF: Found v:lst name=GptEcucPartitionRef
DEBUG_DEF: Found v:lst name=GptKernelEcucPartitionRef
DEBUG_DEF: Found v:lst name=GptClockReferencePoint
DEBUG_DEF_ENTRY: Parsing container def 'GptClockReferencePoint'
DEBUG_DEF_ADD: Added sub-container 'GptClockReferencePoint' to 'GptDriverConfiguration'
DEBUG_DEF_ENTRY: Parsing container def 'GptClockReferencePoint'
DEBUG_DEF_ENTRY: Parsing container def 'CommonPublishedInformation'
DEBUG_DEF_ENTRY: Parsing container def 'I2cGeneral'
DEBUG_DEF_ENTRY: Parsing container def 'I2cGlobalConfig'
DEBUG_DEF: Found v:lst name=I2cChannel
DEBUG_DEF_ENTRY: Parsing container def 'I2cChannel'
DEBUG_DEF_ADD: Added sub-container 'I2cChannel' to 'I2cGlobalConfig'
DEBUG_DEF_ENTRY: Parsing container def 'I2cChannel'
DEBUG_DEF_ENTRY: Parsing container def 'CommonPublishedInformation'
DEBUG_DEF_ENTRY: Parsing container def 'IcuConfigSet'
DEBUG_DEF: Found v:lst name=IcuChannel
DEBUG_DEF_ENTRY: Parsing container def 'IcuChannel'
DEBUG_DEF: Found v:lst name=IcuChannelEcucPartitionRef
DEBUG_DEF_ENTRY: Parsing container def 'TimChannelFilterConfig'
DEBUG_DEF_ENTRY: Parsing container def 'IcuSignalEdgeDetection'
DEBUG_DEF_ENTRY: Parsing container def 'IcuSignalMeasurement'
DEBUG_DEF_ENTRY: Parsing container def 'IcuTimestampMeasurement'
DEBUG_DEF_ENTRY: Parsing container def 'IcuWakeup'
DEBUG_DEF_ADD: Added sub-container 'IcuChannel' to 'IcuConfigSet'
DEBUG_DEF_ENTRY: Parsing container def 'IcuChannel'
DEBUG_DEF: Found v:lst name=IcuChannelEcucPartitionRef
DEBUG_DEF_ENTRY: Parsing container def 'TimChannelFilterConfig'
DEBUG_DEF_ENTRY: Parsing container def 'IcuSignalEdgeDetection'
DEBUG_DEF_ENTRY: Parsing container def 'IcuSignalMeasurement'
DEBUG_DEF_ENTRY: Parsing container def 'IcuTimestampMeasurement'
DEBUG_DEF_ENTRY: Parsing container def 'IcuWakeup'
DEBUG_DEF_ENTRY: Parsing container def 'IcuGeneral'
DEBUG_DEF: Found v:lst name=IcuEcucPartitionRef
DEBUG_DEF: Found v:lst name=IcuKernelEcucPartitionRef
DEBUG_DEF_ENTRY: Parsing container def 'IcuOptionalApis'
DEBUG_DEF_ENTRY: Parsing container def 'CommonPublishedInformation'
DEBUG_DEF_ENTRY: Parsing container def 'IntcGeneral'
DEBUG_DEF_ENTRY: Parsing container def 'IntcConfigSet'
DEBUG_DEF: Found v:lst name=IntcContainer
DEBUG_DEF_ENTRY: Parsing container def 'IntcContainer'
DEBUG_DEF: Found v:lst name=IntcIntSrcSubClassContainer
DEBUG_DEF_ENTRY: Parsing container def 'IntcIntSrcSubClassContainer'
DEBUG_DEF: Found v:lst name=IntcIntSrcContainer
DEBUG_DEF_ENTRY: Parsing container def 'IntcIntSrcContainer'
DEBUG_DEF_ADD: Added sub-container 'IntcIntSrcContainer' to 'IntcIntSrcSubClassContainer'
DEBUG_DEF_ENTRY: Parsing container def 'IntcIntSrcContainer'
DEBUG_DEF_ADD: Added sub-container 'IntcIntSrcSubClassContainer' to 'IntcContainer'
DEBUG_DEF_ENTRY: Parsing container def 'IntcIntSrcSubClassContainer'
DEBUG_DEF: Found v:lst name=IntcIntSrcContainer
DEBUG_DEF_ENTRY: Parsing container def 'IntcIntSrcContainer'
DEBUG_DEF_ADD: Added sub-container 'IntcIntSrcContainer' to 'IntcIntSrcSubClassContainer'
DEBUG_DEF_ENTRY: Parsing container def 'IntcIntSrcContainer'
DEBUG_DEF_ADD: Added sub-container 'IntcContainer' to 'IntcConfigSet'
DEBUG_DEF_ENTRY: Parsing container def 'IntcContainer'
DEBUG_DEF: Found v:lst name=IntcIntSrcSubClassContainer
DEBUG_DEF_ENTRY: Parsing container def 'IntcIntSrcSubClassContainer'
DEBUG_DEF: Found v:lst name=IntcIntSrcContainer
DEBUG_DEF_ENTRY: Parsing container def 'IntcIntSrcContainer'
DEBUG_DEF_ADD: Added sub-container 'IntcIntSrcContainer' to 'IntcIntSrcSubClassContainer'
DEBUG_DEF_ENTRY: Parsing container def 'IntcIntSrcContainer'
DEBUG_DEF_ADD: Added sub-container 'IntcIntSrcSubClassContainer' to 'IntcContainer'
DEBUG_DEF_ENTRY: Parsing container def 'IntcIntSrcSubClassContainer'
DEBUG_DEF: Found v:lst name=IntcIntSrcContainer
DEBUG_DEF_ENTRY: Parsing container def 'IntcIntSrcContainer'
DEBUG_DEF_ADD: Added sub-container 'IntcIntSrcContainer' to 'IntcIntSrcSubClassContainer'
DEBUG_DEF_ENTRY: Parsing container def 'IntcIntSrcContainer'
DEBUG_DEF_ENTRY: Parsing container def 'CommonPublishedInformation'
DEBUG_DEF_ENTRY: Parsing container def 'IomGeneralConfiguration'
DEBUG_DEF_ENTRY: Parsing container def 'IomModuleConfiguration'
DEBUG_DEF: Found v:lst name=IomPPUConfiguration
DEBUG_DEF_ENTRY: Parsing container def 'IomPPUConfiguration'
DEBUG_DEF_ADD: Added sub-container 'IomPPUConfiguration' to 'IomModuleConfiguration'
DEBUG_DEF_ENTRY: Parsing container def 'IomPPUConfiguration'
DEBUG_DEF: Found v:lst name=IomLPUConfiguration
DEBUG_DEF_ENTRY: Parsing container def 'IomLPUConfiguration'
DEBUG_DEF_ADD: Added sub-container 'IomLPUConfiguration' to 'IomModuleConfiguration'
DEBUG_DEF_ENTRY: Parsing container def 'IomLPUConfiguration'
DEBUG_DEF_ENTRY: Parsing container def 'IomGtmConfiguration'
DEBUG_DEF_ENTRY: Parsing container def 'IomEMUConfiguration'
DEBUG_DEF_ENTRY: Parsing container def 'IomEventCombModCount'
DEBUG_DEF_ENTRY: Parsing container def 'IomClkConfiguration'
DEBUG_DEF_ENTRY: Parsing container def 'CommonPublishedInformation'
DEBUG_DEF_ENTRY: Parsing container def 'LinDemEventParameterRefs'
DEBUG_DEF_ENTRY: Parsing container def 'LinClockSet'
DEBUG_DEF_ENTRY: Parsing container def 'LinGeneral'
DEBUG_DEF: Found v:lst name=LinEcucPartitionRef
DEBUG_DEF_ENTRY: Parsing container def 'LinGlobalConfig'
DEBUG_DEF: Found v:lst name=LinChannel
DEBUG_DEF_ENTRY: Parsing container def 'LinChannel'
DEBUG_DEF: Found v:lst name=LinChannelEcuMWakeupSource
DEBUG_DEF_ADD: Added sub-container 'LinChannel' to 'LinGlobalConfig'
DEBUG_DEF_ENTRY: Parsing container def 'LinChannel'
DEBUG_DEF: Found v:lst name=LinChannelEcuMWakeupSource
DEBUG_DEF_ENTRY: Parsing container def 'CommonPublishedInformation'
DEBUG_DEF_ENTRY: Parsing container def 'McuGeneralConfiguration'
DEBUG_DEF: Found v:lst name=McuEcucPartitionRef
DEBUG_DEF_ENTRY: Parsing container def 'McuModuleConfiguration'
DEBUG_DEF: Found v:lst name=McuResetSetting
DEBUG_DEF_ENTRY: Parsing container def 'McuResetConfig'
DEBUG_DEF: Found v:lst name=McuClockSettingConfig
DEBUG_DEF_ENTRY: Parsing container def 'McuClockSettingConfig'
DEBUG_DEF_ENTRY: Parsing container def 'McuSysPllClk_Configuration'
DEBUG_DEF_ENTRY: Parsing container def 'McuPerPllClk_Configuration'
DEBUG_DEF_ENTRY: Parsing container def 'McuSysClkDiv_Configuration'
DEBUG_DEF_ENTRY: Parsing container def 'McuGTMClk_Configuration'
DEBUG_DEF_ENTRY: Parsing container def 'McuMSCClk_Configuration'
DEBUG_DEF_ENTRY: Parsing container def 'McuESPIClk_Configuration'
DEBUG_DEF_ENTRY: Parsing container def 'McuWDTClk_Configuration'
DEBUG_DEF_ENTRY: Parsing container def 'McuCanClk_Configuration'
DEBUG_DEF_ENTRY: Parsing container def 'McuDMAClk_Configuration'
DEBUG_DEF_ENTRY: Parsing container def 'McuSarAdcClk_Configuration'
DEBUG_DEF_ENTRY: Parsing container def 'McuBaseTimerClk_Configuration'
DEBUG_DEF_ENTRY: Parsing container def 'Mcu_Dsadc_Rdc_Clk_Configuration'
DEBUG_DEF: Found v:lst name=McuClockReferencePoint
DEBUG_DEF_ENTRY: Parsing container def 'McuClockReferencePoint'
DEBUG_DEF_ADD: Added sub-container 'McuClockReferencePoint' to 'McuClockSettingConfig'
DEBUG_DEF_ENTRY: Parsing container def 'McuClockReferencePoint'
DEBUG_DEF_ADD: Added sub-container 'McuClockSettingConfig' to 'McuModuleConfiguration'
DEBUG_DEF_ENTRY: Parsing container def 'McuClockSettingConfig'
DEBUG_DEF_ENTRY: Parsing container def 'McuSysPllClk_Configuration'
DEBUG_DEF_ENTRY: Parsing container def 'McuPerPllClk_Configuration'
DEBUG_DEF_ENTRY: Parsing container def 'McuSysClkDiv_Configuration'
DEBUG_DEF_ENTRY: Parsing container def 'McuGTMClk_Configuration'
DEBUG_DEF_ENTRY: Parsing container def 'McuMSCClk_Configuration'
DEBUG_DEF_ENTRY: Parsing container def 'McuESPIClk_Configuration'
DEBUG_DEF_ENTRY: Parsing container def 'McuWDTClk_Configuration'
DEBUG_DEF_ENTRY: Parsing container def 'McuCanClk_Configuration'
DEBUG_DEF_ENTRY: Parsing container def 'McuDMAClk_Configuration'
DEBUG_DEF_ENTRY: Parsing container def 'McuSarAdcClk_Configuration'
DEBUG_DEF_ENTRY: Parsing container def 'McuBaseTimerClk_Configuration'
DEBUG_DEF_ENTRY: Parsing container def 'Mcu_Dsadc_Rdc_Clk_Configuration'
DEBUG_DEF: Found v:lst name=McuClockReferencePoint
DEBUG_DEF_ENTRY: Parsing container def 'McuClockReferencePoint'
DEBUG_DEF_ADD: Added sub-container 'McuClockReferencePoint' to 'McuClockSettingConfig'
DEBUG_DEF_ENTRY: Parsing container def 'McuClockReferencePoint'
DEBUG_DEF_ENTRY: Parsing container def 'McuDemEventParameterRefs'
DEBUG_DEF: Found v:lst name=McuModeSettingConf
DEBUG_DEF_ENTRY: Parsing container def 'McuModeSettingConf'
DEBUG_DEF_ENTRY: Parsing container def 'McuStdbySettingConf'
DEBUG_DEF_ENTRY: Parsing container def 'McuStdbyWakeupSource'
DEBUG_DEF_ADD: Added sub-container 'McuModeSettingConf' to 'McuModuleConfiguration'
DEBUG_DEF_ENTRY: Parsing container def 'McuModeSettingConf'
DEBUG_DEF_ENTRY: Parsing container def 'McuStdbySettingConf'
DEBUG_DEF_ENTRY: Parsing container def 'McuStdbyWakeupSource'
DEBUG_DEF: Found v:lst name=McuRamSectorSettingConf
DEBUG_DEF_ENTRY: Parsing container def 'McuRamSectorSettingConf'
DEBUG_DEF_ADD: Added sub-container 'McuRamSectorSettingConf' to 'McuModuleConfiguration'
DEBUG_DEF_ENTRY: Parsing container def 'McuRamSectorSettingConf'
DEBUG_DEF_ENTRY: Parsing container def 'McuPublishedInformation'
DEBUG_DEF: Found v:lst name=McuResetReasonConf
DEBUG_DEF_ENTRY: Parsing container def 'McuResetReasonConf'
DEBUG_DEF_ADD: Added sub-container 'McuResetReasonConf' to 'McuPublishedInformation'
DEBUG_DEF_ENTRY: Parsing container def 'McuResetReasonConf'
DEBUG_DEF_ENTRY: Parsing container def 'GtmConfiguration'
DEBUG_DEF_ENTRY: Parsing container def 'GtmGeneral'
DEBUG_DEF: Found v:lst name=Cmu
DEBUG_DEF_ENTRY: Parsing container def 'Cmu'
DEBUG_DEF_ENTRY: Parsing container def 'CmuConfigurableClock'
DEBUG_DEF_ENTRY: Parsing container def 'CmuFixedClock'
DEBUG_DEF_ENTRY: Parsing container def 'CmuExternalClock'
DEBUG_DEF: Found v:lst name=CmuClockReferencePoint
DEBUG_DEF_ENTRY: Parsing container def 'CmuClockReferencePoint'
DEBUG_DEF_ADD: Added sub-container 'CmuClockReferencePoint' to 'Cmu'
DEBUG_DEF_ENTRY: Parsing container def 'CmuClockReferencePoint'
DEBUG_DEF_ADD: Added sub-container 'Cmu' to 'GtmConfiguration'
DEBUG_DEF_ENTRY: Parsing container def 'Cmu'
DEBUG_DEF_ENTRY: Parsing container def 'CmuConfigurableClock'
DEBUG_DEF_ENTRY: Parsing container def 'CmuFixedClock'
DEBUG_DEF_ENTRY: Parsing container def 'CmuExternalClock'
DEBUG_DEF: Found v:lst name=CmuClockReferencePoint
DEBUG_DEF_ENTRY: Parsing container def 'CmuClockReferencePoint'
DEBUG_DEF_ADD: Added sub-container 'CmuClockReferencePoint' to 'Cmu'
DEBUG_DEF_ENTRY: Parsing container def 'CmuClockReferencePoint'
DEBUG_DEF: Found v:lst name=Tbu
DEBUG_DEF_ENTRY: Parsing container def 'Tbu'
DEBUG_DEF: Found v:lst name=TbuChannel
DEBUG_DEF_ENTRY: Parsing container def 'TbuChannel'
DEBUG_DEF_ADD: Added sub-container 'TbuChannel' to 'Tbu'
DEBUG_DEF_ENTRY: Parsing container def 'TbuChannel'
DEBUG_DEF_ADD: Added sub-container 'Tbu' to 'GtmConfiguration'
DEBUG_DEF_ENTRY: Parsing container def 'Tbu'
DEBUG_DEF: Found v:lst name=TbuChannel
DEBUG_DEF_ENTRY: Parsing container def 'TbuChannel'
DEBUG_DEF_ADD: Added sub-container 'TbuChannel' to 'Tbu'
DEBUG_DEF_ENTRY: Parsing container def 'TbuChannel'
DEBUG_DEF: Found v:lst name=Tom
DEBUG_DEF_ENTRY: Parsing container def 'Tom'
DEBUG_DEF: Found v:lst name=TomChannel
DEBUG_DEF_ENTRY: Parsing container def 'TomChannel'
DEBUG_DEF_ENTRY: Parsing container def 'TomChannelOutput'
DEBUG_DEF_ADD: Added sub-container 'TomChannel' to 'Tom'
DEBUG_DEF_ENTRY: Parsing container def 'TomChannel'
DEBUG_DEF_ENTRY: Parsing container def 'TomChannelOutput'
DEBUG_DEF_ADD: Added sub-container 'Tom' to 'GtmConfiguration'
DEBUG_DEF_ENTRY: Parsing container def 'Tom'
DEBUG_DEF: Found v:lst name=TomChannel
DEBUG_DEF_ENTRY: Parsing container def 'TomChannel'
DEBUG_DEF_ENTRY: Parsing container def 'TomChannelOutput'
DEBUG_DEF_ADD: Added sub-container 'TomChannel' to 'Tom'
DEBUG_DEF_ENTRY: Parsing container def 'TomChannel'
DEBUG_DEF_ENTRY: Parsing container def 'TomChannelOutput'
DEBUG_DEF: Found v:lst name=Atom
DEBUG_DEF_ENTRY: Parsing container def 'Atom'
DEBUG_DEF: Found v:lst name=AtomChannel
DEBUG_DEF_ENTRY: Parsing container def 'AtomChannel'
DEBUG_DEF_ENTRY: Parsing container def 'AtomChannelOutput'
DEBUG_DEF_ADD: Added sub-container 'AtomChannel' to 'Atom'
DEBUG_DEF_ENTRY: Parsing container def 'AtomChannel'
DEBUG_DEF_ENTRY: Parsing container def 'AtomChannelOutput'
DEBUG_DEF_ADD: Added sub-container 'Atom' to 'GtmConfiguration'
DEBUG_DEF_ENTRY: Parsing container def 'Atom'
DEBUG_DEF: Found v:lst name=AtomChannel
DEBUG_DEF_ENTRY: Parsing container def 'AtomChannel'
DEBUG_DEF_ENTRY: Parsing container def 'AtomChannelOutput'
DEBUG_DEF_ADD: Added sub-container 'AtomChannel' to 'Atom'
DEBUG_DEF_ENTRY: Parsing container def 'AtomChannel'
DEBUG_DEF_ENTRY: Parsing container def 'AtomChannelOutput'
DEBUG_DEF: Found v:lst name=Tim
DEBUG_DEF_ENTRY: Parsing container def 'Tim'
DEBUG_DEF: Found v:lst name=TimChannel
DEBUG_DEF_ENTRY: Parsing container def 'TimChannel'
DEBUG_DEF_ENTRY: Parsing container def 'TimChannelGeneral'
DEBUG_DEF_ADD: Added sub-container 'TimChannel' to 'Tim'
DEBUG_DEF_ENTRY: Parsing container def 'TimChannel'
DEBUG_DEF_ENTRY: Parsing container def 'TimChannelGeneral'
DEBUG_DEF_ADD: Added sub-container 'Tim' to 'GtmConfiguration'
DEBUG_DEF_ENTRY: Parsing container def 'Tim'
DEBUG_DEF: Found v:lst name=TimChannel
DEBUG_DEF_ENTRY: Parsing container def 'TimChannel'
DEBUG_DEF_ENTRY: Parsing container def 'TimChannelGeneral'
DEBUG_DEF_ADD: Added sub-container 'TimChannel' to 'Tim'
DEBUG_DEF_ENTRY: Parsing container def 'TimChannel'
DEBUG_DEF_ENTRY: Parsing container def 'TimChannelGeneral'
DEBUG_DEF: Found v:lst name=GtmToPeripheral
DEBUG_DEF_ENTRY: Parsing container def 'GtmToPeripheral'
DEBUG_DEF: Found v:lst name=SaradcSent
DEBUG_DEF_ENTRY: Parsing container def 'SaradcSent'
DEBUG_DEF_ADD: Added sub-container 'SaradcSent' to 'GtmToPeripheral'
DEBUG_DEF_ENTRY: Parsing container def 'SaradcSent'
DEBUG_DEF: Found v:lst name=Dsadc
DEBUG_DEF_ENTRY: Parsing container def 'Dsadc'
DEBUG_DEF_ADD: Added sub-container 'Dsadc' to 'GtmToPeripheral'
DEBUG_DEF_ENTRY: Parsing container def 'Dsadc'
DEBUG_DEF: Found v:lst name=Msc
DEBUG_DEF_ENTRY: Parsing container def 'Msc'
DEBUG_DEF: Found v:lst name=MscDataBit
DEBUG_DEF_ENTRY: Parsing container def 'MscDataBit'
DEBUG_DEF_ADD: Added sub-container 'MscDataBit' to 'Msc'
DEBUG_DEF_ENTRY: Parsing container def 'MscDataBit'
DEBUG_DEF_ADD: Added sub-container 'Msc' to 'GtmToPeripheral'
DEBUG_DEF_ENTRY: Parsing container def 'Msc'
DEBUG_DEF: Found v:lst name=MscDataBit
DEBUG_DEF_ENTRY: Parsing container def 'MscDataBit'
DEBUG_DEF_ADD: Added sub-container 'MscDataBit' to 'Msc'
DEBUG_DEF_ENTRY: Parsing container def 'MscDataBit'
DEBUG_DEF: Found v:lst name=Dma
DEBUG_DEF_ENTRY: Parsing container def 'Dma'
DEBUG_DEF_ADD: Added sub-container 'Dma' to 'GtmToPeripheral'
DEBUG_DEF_ENTRY: Parsing container def 'Dma'
DEBUG_DEF: Found v:lst name=GtmOutput
DEBUG_DEF_ENTRY: Parsing container def 'GtmOutput'
DEBUG_DEF_ADD: Added sub-container 'GtmOutput' to 'GtmToPeripheral'
DEBUG_DEF_ENTRY: Parsing container def 'GtmOutput'
DEBUG_DEF_ADD: Added sub-container 'GtmToPeripheral' to 'GtmConfiguration'
DEBUG_DEF_ENTRY: Parsing container def 'GtmToPeripheral'
DEBUG_DEF: Found v:lst name=SaradcSent
DEBUG_DEF_ENTRY: Parsing container def 'SaradcSent'
DEBUG_DEF_ADD: Added sub-container 'SaradcSent' to 'GtmToPeripheral'
DEBUG_DEF_ENTRY: Parsing container def 'SaradcSent'
DEBUG_DEF: Found v:lst name=Dsadc
DEBUG_DEF_ENTRY: Parsing container def 'Dsadc'
DEBUG_DEF_ADD: Added sub-container 'Dsadc' to 'GtmToPeripheral'
DEBUG_DEF_ENTRY: Parsing container def 'Dsadc'
DEBUG_DEF: Found v:lst name=Msc
DEBUG_DEF_ENTRY: Parsing container def 'Msc'
DEBUG_DEF: Found v:lst name=MscDataBit
DEBUG_DEF_ENTRY: Parsing container def 'MscDataBit'
DEBUG_DEF_ADD: Added sub-container 'MscDataBit' to 'Msc'
DEBUG_DEF_ENTRY: Parsing container def 'MscDataBit'
DEBUG_DEF_ADD: Added sub-container 'Msc' to 'GtmToPeripheral'
DEBUG_DEF_ENTRY: Parsing container def 'Msc'
DEBUG_DEF: Found v:lst name=MscDataBit
DEBUG_DEF_ENTRY: Parsing container def 'MscDataBit'
DEBUG_DEF_ADD: Added sub-container 'MscDataBit' to 'Msc'
DEBUG_DEF_ENTRY: Parsing container def 'MscDataBit'
DEBUG_DEF: Found v:lst name=Dma
DEBUG_DEF_ENTRY: Parsing container def 'Dma'
DEBUG_DEF_ADD: Added sub-container 'Dma' to 'GtmToPeripheral'
DEBUG_DEF_ENTRY: Parsing container def 'Dma'
DEBUG_DEF: Found v:lst name=GtmOutput
DEBUG_DEF_ENTRY: Parsing container def 'GtmOutput'
DEBUG_DEF_ADD: Added sub-container 'GtmOutput' to 'GtmToPeripheral'
DEBUG_DEF_ENTRY: Parsing container def 'GtmOutput'
DEBUG_DEF: Found v:lst name=GtmResourceAllocationConf
DEBUG_DEF_ENTRY: Parsing container def 'GtmResourceAllocationConf'
DEBUG_DEF: Found v:lst name=GtmTim
DEBUG_DEF_ENTRY: Parsing container def 'GtmTim'
DEBUG_DEF: Found v:lst name=GtmTimChannel
DEBUG_DEF_ENTRY: Parsing container def 'GtmTimChannel'
DEBUG_DEF_ADD: Added sub-container 'GtmTimChannel' to 'GtmTim'
DEBUG_DEF_ENTRY: Parsing container def 'GtmTimChannel'
DEBUG_DEF_ADD: Added sub-container 'GtmTim' to 'GtmResourceAllocationConf'
DEBUG_DEF_ENTRY: Parsing container def 'GtmTim'
DEBUG_DEF: Found v:lst name=GtmTimChannel
DEBUG_DEF_ENTRY: Parsing container def 'GtmTimChannel'
DEBUG_DEF_ADD: Added sub-container 'GtmTimChannel' to 'GtmTim'
DEBUG_DEF_ENTRY: Parsing container def 'GtmTimChannel'
DEBUG_DEF: Found v:lst name=GtmTom
DEBUG_DEF_ENTRY: Parsing container def 'GtmTom'
DEBUG_DEF: Found v:lst name=GtmTomChannel
DEBUG_DEF_ENTRY: Parsing container def 'GtmTomChannel'
DEBUG_DEF_ADD: Added sub-container 'GtmTomChannel' to 'GtmTom'
DEBUG_DEF_ENTRY: Parsing container def 'GtmTomChannel'
DEBUG_DEF_ADD: Added sub-container 'GtmTom' to 'GtmResourceAllocationConf'
DEBUG_DEF_ENTRY: Parsing container def 'GtmTom'
DEBUG_DEF: Found v:lst name=GtmTomChannel
DEBUG_DEF_ENTRY: Parsing container def 'GtmTomChannel'
DEBUG_DEF_ADD: Added sub-container 'GtmTomChannel' to 'GtmTom'
DEBUG_DEF_ENTRY: Parsing container def 'GtmTomChannel'
DEBUG_DEF: Found v:lst name=GtmAtom
DEBUG_DEF_ENTRY: Parsing container def 'GtmAtom'
DEBUG_DEF: Found v:lst name=GtmAtomChannel
DEBUG_DEF_ENTRY: Parsing container def 'GtmAtomChannel'
DEBUG_DEF_ADD: Added sub-container 'GtmAtomChannel' to 'GtmAtom'
DEBUG_DEF_ENTRY: Parsing container def 'GtmAtomChannel'
DEBUG_DEF_ADD: Added sub-container 'GtmAtom' to 'GtmResourceAllocationConf'
DEBUG_DEF_ENTRY: Parsing container def 'GtmAtom'
DEBUG_DEF: Found v:lst name=GtmAtomChannel
DEBUG_DEF_ENTRY: Parsing container def 'GtmAtomChannel'
DEBUG_DEF_ADD: Added sub-container 'GtmAtomChannel' to 'GtmAtom'
DEBUG_DEF_ENTRY: Parsing container def 'GtmAtomChannel'
DEBUG_DEF_ADD: Added sub-container 'GtmResourceAllocationConf' to 'GtmConfiguration'
DEBUG_DEF_ENTRY: Parsing container def 'GtmResourceAllocationConf'
DEBUG_DEF: Found v:lst name=GtmTim
DEBUG_DEF_ENTRY: Parsing container def 'GtmTim'
DEBUG_DEF: Found v:lst name=GtmTimChannel
DEBUG_DEF_ENTRY: Parsing container def 'GtmTimChannel'
DEBUG_DEF_ADD: Added sub-container 'GtmTimChannel' to 'GtmTim'
DEBUG_DEF_ENTRY: Parsing container def 'GtmTimChannel'
DEBUG_DEF_ADD: Added sub-container 'GtmTim' to 'GtmResourceAllocationConf'
DEBUG_DEF_ENTRY: Parsing container def 'GtmTim'
DEBUG_DEF: Found v:lst name=GtmTimChannel
DEBUG_DEF_ENTRY: Parsing container def 'GtmTimChannel'
DEBUG_DEF_ADD: Added sub-container 'GtmTimChannel' to 'GtmTim'
DEBUG_DEF_ENTRY: Parsing container def 'GtmTimChannel'
DEBUG_DEF: Found v:lst name=GtmTom
DEBUG_DEF_ENTRY: Parsing container def 'GtmTom'
DEBUG_DEF: Found v:lst name=GtmTomChannel
DEBUG_DEF_ENTRY: Parsing container def 'GtmTomChannel'
DEBUG_DEF_ADD: Added sub-container 'GtmTomChannel' to 'GtmTom'
DEBUG_DEF_ENTRY: Parsing container def 'GtmTomChannel'
DEBUG_DEF_ADD: Added sub-container 'GtmTom' to 'GtmResourceAllocationConf'
DEBUG_DEF_ENTRY: Parsing container def 'GtmTom'
DEBUG_DEF: Found v:lst name=GtmTomChannel
DEBUG_DEF_ENTRY: Parsing container def 'GtmTomChannel'
DEBUG_DEF_ADD: Added sub-container 'GtmTomChannel' to 'GtmTom'
DEBUG_DEF_ENTRY: Parsing container def 'GtmTomChannel'
DEBUG_DEF: Found v:lst name=GtmAtom
DEBUG_DEF_ENTRY: Parsing container def 'GtmAtom'
DEBUG_DEF: Found v:lst name=GtmAtomChannel
DEBUG_DEF_ENTRY: Parsing container def 'GtmAtomChannel'
DEBUG_DEF_ADD: Added sub-container 'GtmAtomChannel' to 'GtmAtom'
DEBUG_DEF_ENTRY: Parsing container def 'GtmAtomChannel'
DEBUG_DEF_ADD: Added sub-container 'GtmAtom' to 'GtmResourceAllocationConf'
DEBUG_DEF_ENTRY: Parsing container def 'GtmAtom'
DEBUG_DEF: Found v:lst name=GtmAtomChannel
DEBUG_DEF_ENTRY: Parsing container def 'GtmAtomChannel'
DEBUG_DEF_ADD: Added sub-container 'GtmAtomChannel' to 'GtmAtom'
DEBUG_DEF_ENTRY: Parsing container def 'GtmAtomChannel'
DEBUG_DEF_ENTRY: Parsing container def 'CommonPublishedInformation'
DEBUG_DEF_ENTRY: Parsing container def 'MscConfigSet'
DEBUG_DEF: Found v:lst name=MscModuleConfiguration
DEBUG_DEF_ENTRY: Parsing container def 'MscModuleConfiguration'
DEBUG_DEF_ENTRY: Parsing container def 'MscClockConfiguration'
DEBUG_DEF_ENTRY: Parsing container def 'MscTxConfiguration'
DEBUG_DEF_ENTRY: Parsing container def 'MscTxSignalTypeConfiguration'
DEBUG_DEF_ENTRY: Parsing container def 'MscCmdFrameConfiguration'
DEBUG_DEF_ENTRY: Parsing container def 'MscTimeFrameConfiguration'
DEBUG_DEF_ENTRY: Parsing container def 'MscDataFrameConfiguration'
DEBUG_DEF: Found v:lst name=MscDataBitLowConfiguration
DEBUG_DEF_ENTRY: Parsing container def 'MscDataBitLowConfiguration'
DEBUG_DEF_ADD: Added sub-container 'MscDataBitLowConfiguration' to 'MscDataFrameConfiguration'
DEBUG_DEF_ENTRY: Parsing container def 'MscDataBitLowConfiguration'
DEBUG_DEF: Found v:lst name=MscDataBitHighConfiguration
DEBUG_DEF_ENTRY: Parsing container def 'MscDataBitHighConfiguration'
DEBUG_DEF_ADD: Added sub-container 'MscDataBitHighConfiguration' to 'MscDataFrameConfiguration'
DEBUG_DEF_ENTRY: Parsing container def 'MscDataBitHighConfiguration'
DEBUG_DEF_ENTRY: Parsing container def 'MscPinInjectConfiguration'
DEBUG_DEF_ENTRY: Parsing container def 'MscRxConfiguration'
DEBUG_DEF_ENTRY: Parsing container def 'MscRxSignalTypeConfiguration'
DEBUG_DEF_ENTRY: Parsing container def 'MscTimeoutConfiguration'
DEBUG_DEF_ADD: Added sub-container 'MscModuleConfiguration' to 'MscConfigSet'
DEBUG_DEF_ENTRY: Parsing container def 'MscModuleConfiguration'
DEBUG_DEF_ENTRY: Parsing container def 'MscClockConfiguration'
DEBUG_DEF_ENTRY: Parsing container def 'MscTxConfiguration'
DEBUG_DEF_ENTRY: Parsing container def 'MscTxSignalTypeConfiguration'
DEBUG_DEF_ENTRY: Parsing container def 'MscCmdFrameConfiguration'
DEBUG_DEF_ENTRY: Parsing container def 'MscTimeFrameConfiguration'
DEBUG_DEF_ENTRY: Parsing container def 'MscDataFrameConfiguration'
DEBUG_DEF: Found v:lst name=MscDataBitLowConfiguration
DEBUG_DEF_ENTRY: Parsing container def 'MscDataBitLowConfiguration'
DEBUG_DEF_ADD: Added sub-container 'MscDataBitLowConfiguration' to 'MscDataFrameConfiguration'
DEBUG_DEF_ENTRY: Parsing container def 'MscDataBitLowConfiguration'
DEBUG_DEF: Found v:lst name=MscDataBitHighConfiguration
DEBUG_DEF_ENTRY: Parsing container def 'MscDataBitHighConfiguration'
DEBUG_DEF_ADD: Added sub-container 'MscDataBitHighConfiguration' to 'MscDataFrameConfiguration'
DEBUG_DEF_ENTRY: Parsing container def 'MscDataBitHighConfiguration'
DEBUG_DEF_ENTRY: Parsing container def 'MscPinInjectConfiguration'
DEBUG_DEF_ENTRY: Parsing container def 'MscRxConfiguration'
DEBUG_DEF_ENTRY: Parsing container def 'MscRxSignalTypeConfiguration'
DEBUG_DEF_ENTRY: Parsing container def 'MscTimeoutConfiguration'
DEBUG_DEF_ENTRY: Parsing container def 'MscConfigurationOfOptApiServices'
DEBUG_DEF_ENTRY: Parsing container def 'MscDriverConfiguration'
DEBUG_DEF_ENTRY: Parsing container def 'CommonPublishedInformation'
DEBUG_DEF_ENTRY: Parsing container def 'OcuConfigSet'
DEBUG_DEF: Found v:lst name=OcuCountdirection
DEBUG_DEF: Found v:lst name=OcuChannel
DEBUG_DEF_ENTRY: Parsing container def 'OcuChannel'
DEBUG_DEF: Found v:lst name=OcuHardwareTriggeredAdc
DEBUG_DEF: Found v:lst name=OcuHardwareTriggeredDMA
DEBUG_DEF: Found v:lst name=OcuNotification
DEBUG_DEF: Found v:lst name=GtmTimerOutputModuleConfiguration
DEBUG_DEF_ENTRY: Parsing container def 'GtmTimerOutputModuleConfiguration'
DEBUG_DEF_ADD: Added sub-container 'GtmTimerOutputModuleConfiguration' to 'OcuChannel'
DEBUG_DEF_ENTRY: Parsing container def 'GtmTimerOutputModuleConfiguration'
DEBUG_DEF: Found v:lst name=OcuOutputPinDefaultState
DEBUG_DEF: Found v:lst name=OcuChannelEcucPartitionRef
DEBUG_DEF_ADD: Added sub-container 'OcuChannel' to 'OcuConfigSet'
DEBUG_DEF_ENTRY: Parsing container def 'OcuChannel'
DEBUG_DEF: Found v:lst name=OcuHardwareTriggeredAdc
DEBUG_DEF: Found v:lst name=OcuHardwareTriggeredDMA
DEBUG_DEF: Found v:lst name=OcuNotification
DEBUG_DEF: Found v:lst name=GtmTimerOutputModuleConfiguration
DEBUG_DEF_ENTRY: Parsing container def 'GtmTimerOutputModuleConfiguration'
DEBUG_DEF_ADD: Added sub-container 'GtmTimerOutputModuleConfiguration' to 'OcuChannel'
DEBUG_DEF_ENTRY: Parsing container def 'GtmTimerOutputModuleConfiguration'
DEBUG_DEF: Found v:lst name=OcuOutputPinDefaultState
DEBUG_DEF: Found v:lst name=OcuChannelEcucPartitionRef
DEBUG_DEF: Found v:lst name=OcuHWSpecificSettings
DEBUG_DEF_ENTRY: Parsing container def 'OcuHWSpecificSettings'
DEBUG_DEF: Found v:lst name=OcuClockSource
DEBUG_DEF: Found v:lst name=OcuPrescale
DEBUG_DEF_ADD: Added sub-container 'OcuHWSpecificSettings' to 'OcuConfigSet'
DEBUG_DEF_ENTRY: Parsing container def 'OcuHWSpecificSettings'
DEBUG_DEF: Found v:lst name=OcuClockSource
DEBUG_DEF: Found v:lst name=OcuPrescale
DEBUG_DEF_ENTRY: Parsing container def 'OcuConfigurationOfOptionalApis'
DEBUG_DEF_ENTRY: Parsing container def 'OcuGeneral'
DEBUG_DEF: Found v:lst name=OcuEcucPartitionRef
DEBUG_DEF: Found v:lst name=OcuKernelEcucPartitionRef
DEBUG_DEF_ENTRY: Parsing container def 'CommonPublishedInformation'
DEBUG_DEF_ENTRY: Parsing container def 'PortConfigSet'
DEBUG_DEF: Found v:lst name=PortContainer
DEBUG_DEF_ENTRY: Parsing container def 'PortContainer'
DEBUG_DEF: Found v:lst name=PortPin
DEBUG_DEF_ENTRY: Parsing container def 'PortPin'
DEBUG_DEF: Found v:lst name=PortPinEcucPartitionRef
DEBUG_DEF_ADD: Added sub-container 'PortPin' to 'PortContainer'
DEBUG_DEF_ENTRY: Parsing container def 'PortPin'
DEBUG_DEF: Found v:lst name=PortPinEcucPartitionRef
DEBUG_DEF: Found v:lst name=PortLVDS
DEBUG_DEF_ENTRY: Parsing container def 'PortLVDS'
DEBUG_DEF_ADD: Added sub-container 'PortLVDS' to 'PortContainer'
DEBUG_DEF_ENTRY: Parsing container def 'PortLVDS'
DEBUG_DEF_ADD: Added sub-container 'PortContainer' to 'PortConfigSet'
DEBUG_DEF_ENTRY: Parsing container def 'PortContainer'
DEBUG_DEF: Found v:lst name=PortPin
DEBUG_DEF_ENTRY: Parsing container def 'PortPin'
DEBUG_DEF: Found v:lst name=PortPinEcucPartitionRef
DEBUG_DEF_ADD: Added sub-container 'PortPin' to 'PortContainer'
DEBUG_DEF_ENTRY: Parsing container def 'PortPin'
DEBUG_DEF: Found v:lst name=PortPinEcucPartitionRef
DEBUG_DEF: Found v:lst name=PortLVDS
DEBUG_DEF_ENTRY: Parsing container def 'PortLVDS'
DEBUG_DEF_ADD: Added sub-container 'PortLVDS' to 'PortContainer'
DEBUG_DEF_ENTRY: Parsing container def 'PortLVDS'
DEBUG_DEF_ENTRY: Parsing container def 'PortGeneral'
DEBUG_DEF: Found v:lst name=PortEcucPartitionRef
DEBUG_DEF_ENTRY: Parsing container def 'CommonPublishedInformation'
DEBUG_DEF_ENTRY: Parsing container def 'PwmChannelConfigSet'
DEBUG_DEF: Found v:lst name=PwmChannel
DEBUG_DEF_ENTRY: Parsing container def 'PwmChannel'
DEBUG_DEF: Found v:lst name=PwmChannelEcucPartitionRef
DEBUG_DEF_ADD: Added sub-container 'PwmChannel' to 'PwmChannelConfigSet'
DEBUG_DEF_ENTRY: Parsing container def 'PwmChannel'
DEBUG_DEF: Found v:lst name=PwmChannelEcucPartitionRef
DEBUG_DEF_ENTRY: Parsing container def 'PwmConfigurationOfOptApiServices'
DEBUG_DEF_ENTRY: Parsing container def 'PwmGeneral'
DEBUG_DEF: Found v:lst name=PwmPowerStateConfig
DEBUG_DEF_ENTRY: Parsing container def 'PwmPowerStateConfig'
DEBUG_DEF_ADD: Added sub-container 'PwmPowerStateConfig' to 'PwmGeneral'
DEBUG_DEF_ENTRY: Parsing container def 'PwmPowerStateConfig'
DEBUG_DEF: Found v:lst name=PwmEcucPartitionRef
DEBUG_DEF: Found v:lst name=PwmKernelEcucPartitionRef
DEBUG_DEF_ENTRY: Parsing container def 'CommonPublishedInformation'
DEBUG_DEF_ENTRY: Parsing container def 'ResourceGeneral'
DEBUG_DEF_ENTRY: Parsing container def 'ResourceCoreConfigSet'
DEBUG_DEF: Found v:lst name=ResourceCoreConfig
DEBUG_DEF_ENTRY: Parsing container def 'ResourceCoreConfig'
DEBUG_DEF: Found v:lst name=ResourceAllocation
DEBUG_DEF_ENTRY: Parsing container def 'ResourceAllocation'
DEBUG_DEF_ADD: Added sub-container 'ResourceAllocation' to 'ResourceCoreConfig'
DEBUG_DEF_ENTRY: Parsing container def 'ResourceAllocation'
DEBUG_DEF_ADD: Added sub-container 'ResourceCoreConfig' to 'ResourceCoreConfigSet'
DEBUG_DEF_ENTRY: Parsing container def 'ResourceCoreConfig'
DEBUG_DEF: Found v:lst name=ResourceAllocation
DEBUG_DEF_ENTRY: Parsing container def 'ResourceAllocation'
DEBUG_DEF_ADD: Added sub-container 'ResourceAllocation' to 'ResourceCoreConfig'
DEBUG_DEF_ENTRY: Parsing container def 'ResourceAllocation'
DEBUG_DEF_ENTRY: Parsing container def 'CommonPublishedInformation'
DEBUG_DEF_ENTRY: Parsing container def 'SentConfigSet'
DEBUG_DEF: Found v:lst name=SentChannelConfigSet
DEBUG_DEF_ENTRY: Parsing container def 'SentChannelConfigSet'
DEBUG_DEF_ENTRY: Parsing container def 'SPCConfig'
DEBUG_DEF_ADD: Added sub-container 'SentChannelConfigSet' to 'SentConfigSet'
DEBUG_DEF_ENTRY: Parsing container def 'SentChannelConfigSet'
DEBUG_DEF_ENTRY: Parsing container def 'SPCConfig'
DEBUG_DEF_ENTRY: Parsing container def 'SentGeneral'
DEBUG_DEF_ENTRY: Parsing container def 'SentPublishedInformation'
DEBUG_DEF_ENTRY: Parsing container def 'CommonPublishedInformation'
DEBUG_DEF_ENTRY: Parsing container def 'SpiDemEventParameterRefs'
DEBUG_DEF_ENTRY: Parsing container def 'SpiGeneral'
DEBUG_DEF: Found v:lst name=SpiEcucPartitionRef
DEBUG_DEF: Found v:lst name=SpiKernelEcucPartitionRef
DEBUG_DEF_ENTRY: Parsing container def 'SpiDriver'
DEBUG_DEF: Found v:lst name=SpiChannel
DEBUG_DEF_ENTRY: Parsing container def 'SpiChannel'
DEBUG_DEF_ADD: Added sub-container 'SpiChannel' to 'SpiDriver'
DEBUG_DEF_ENTRY: Parsing container def 'SpiChannel'
DEBUG_DEF: Found v:lst name=SpiExternalDevice
DEBUG_DEF_ENTRY: Parsing container def 'SpiExternalDevice'
DEBUG_DEF: Found v:lst name=SpiBaudrateParams
DEBUG_DEF_ENTRY: Parsing container def 'SpiBaudrateParams'
DEBUG_DEF_ADD: Added sub-container 'SpiBaudrateParams' to 'SpiExternalDevice'
DEBUG_DEF_ENTRY: Parsing container def 'SpiBaudrateParams'
DEBUG_DEF: Found v:lst name=SpiDelayParams
DEBUG_DEF_ENTRY: Parsing container def 'SpiDelayParams'
DEBUG_DEF_ADD: Added sub-container 'SpiDelayParams' to 'SpiExternalDevice'
DEBUG_DEF_ENTRY: Parsing container def 'SpiDelayParams'
DEBUG_DEF: Found v:lst name=SpiDeviceEcucPartitionRef
DEBUG_DEF_ADD: Added sub-container 'SpiExternalDevice' to 'SpiDriver'
DEBUG_DEF_ENTRY: Parsing container def 'SpiExternalDevice'
DEBUG_DEF: Found v:lst name=SpiBaudrateParams
DEBUG_DEF_ENTRY: Parsing container def 'SpiBaudrateParams'
DEBUG_DEF_ADD: Added sub-container 'SpiBaudrateParams' to 'SpiExternalDevice'
DEBUG_DEF_ENTRY: Parsing container def 'SpiBaudrateParams'
DEBUG_DEF: Found v:lst name=SpiDelayParams
DEBUG_DEF_ENTRY: Parsing container def 'SpiDelayParams'
DEBUG_DEF_ADD: Added sub-container 'SpiDelayParams' to 'SpiExternalDevice'
DEBUG_DEF_ENTRY: Parsing container def 'SpiDelayParams'
DEBUG_DEF: Found v:lst name=SpiDeviceEcucPartitionRef
DEBUG_DEF: Found v:lst name=SpiHwUnitConfig
DEBUG_DEF_ENTRY: Parsing container def 'SpiHwUnitConfig'
DEBUG_DEF_ADD: Added sub-container 'SpiHwUnitConfig' to 'SpiDriver'
DEBUG_DEF_ENTRY: Parsing container def 'SpiHwUnitConfig'
DEBUG_DEF: Found v:lst name=SpiJob
DEBUG_DEF_ENTRY: Parsing container def 'SpiJob'
DEBUG_DEF: Found v:lst name=SpiChannelList
DEBUG_DEF_ENTRY: Parsing container def 'SpiChannelList'
DEBUG_DEF_ADD: Added sub-container 'SpiChannelList' to 'SpiJob'
DEBUG_DEF_ENTRY: Parsing container def 'SpiChannelList'
DEBUG_DEF_ADD: Added sub-container 'SpiJob' to 'SpiDriver'
DEBUG_DEF_ENTRY: Parsing container def 'SpiJob'
DEBUG_DEF: Found v:lst name=SpiChannelList
DEBUG_DEF_ENTRY: Parsing container def 'SpiChannelList'
DEBUG_DEF_ADD: Added sub-container 'SpiChannelList' to 'SpiJob'
DEBUG_DEF_ENTRY: Parsing container def 'SpiChannelList'
DEBUG_DEF: Found v:lst name=SpiSequence
DEBUG_DEF_ENTRY: Parsing container def 'SpiSequence'
DEBUG_DEF: Found v:lst name=SpiJobAssignment
DEBUG_DEF_ADD: Added sub-container 'SpiSequence' to 'SpiDriver'
DEBUG_DEF_ENTRY: Parsing container def 'SpiSequence'
DEBUG_DEF: Found v:lst name=SpiJobAssignment
DEBUG_DEF_ENTRY: Parsing container def 'SpiPublishedInformation'
DEBUG_DEF_ENTRY: Parsing container def 'CommonPublishedInformation'
DEBUG_DEF_ENTRY: Parsing container def 'UartClockSet'
DEBUG_DEF_ENTRY: Parsing container def 'UartGeneral'
DEBUG_DEF_ENTRY: Parsing container def 'UartGlobalConfig'
DEBUG_DEF: Found v:lst name=UartChannel
DEBUG_DEF_ENTRY: Parsing container def 'UartChannel'
DEBUG_DEF_ADD: Added sub-container 'UartChannel' to 'UartGlobalConfig'
DEBUG_DEF_ENTRY: Parsing container def 'UartChannel'
DEBUG_DEF_ENTRY: Parsing container def 'CommonPublishedInformation'
DEBUG_DEF_ENTRY: Parsing container def 'WdgDemEventParameterRefs'
DEBUG_DEF_ENTRY: Parsing container def 'WdgGeneral'
DEBUG_DEF_ENTRY: Parsing container def 'WdgSettingsConfig'
DEBUG_DEF: Found v:lst name=WdgExternalConfiguration
DEBUG_DEF_ENTRY: Parsing container def 'WdgExternalConfiguration'
DEBUG_DEF_ADD: Added sub-container 'WdgExternalConfiguration' to 'WdgSettingsConfig'
DEBUG_DEF_ENTRY: Parsing container def 'WdgExternalConfiguration'
DEBUG_DEF_ENTRY: Parsing container def 'WdgSettingsFast'
DEBUG_DEF_ENTRY: Parsing container def 'WdgSettingsSlow'
DEBUG_DEF_ENTRY: Parsing container def 'WdgSettingsOff'
DEBUG_DEF_ENTRY: Parsing container def 'WdgPublishedInformation'
DEBUG_DEF_ENTRY: Parsing container def 'CommonPublishedInformation'
DEBUG_DEF_ENTRY: Parsing container def 'OsCoreIdMappingConfig'
DEBUG_DEF_ENTRY: Parsing container def 'OsCoreHookStackConfig'
DEBUG_DEF: Found v:lst name=OsCoreMemoryProtection
DEBUG_DEF_ENTRY: Parsing container def 'OsCoreMemoryProtection'
DEBUG_DEF_ADD: Added sub-container 'OsCoreMemoryProtection' to 'OsCoreIdMappingConfig'
DEBUG_DEF_ENTRY: Parsing container def 'OsCoreMemoryProtection'
DEBUG_DEF: Found v:lst name=OsCoreServiceCall
DEBUG_DEF_ENTRY: Parsing container def 'OsCoreServiceCall'
DEBUG_DEF_ADD: Added sub-container 'OsCoreServiceCall' to 'OsCoreIdMappingConfig'
DEBUG_DEF_ENTRY: Parsing container def 'OsCoreServiceCall'
DEBUG_DEF_ENTRY: Parsing container def 'OsAlarm'
DEBUG_DEF: Found v:lst name=OsAlarmAccessingApplication
DEBUG_DEF: Found v:lst name=OsAlarmAutostartAppModeRef
DEBUG_DEF_ENTRY: Parsing container def 'OsAlarmAutostart'
DEBUG_DEF_ENTRY: Parsing container def 'OSDEFAULTAPPMODE'
DEBUG_DEF_ENTRY: Parsing container def 'OSALLRUNNINGMODE'
DEBUG_DEF_ENTRY: Parsing container def 'OsAppMode'
DEBUG_DEF_ENTRY: Parsing container def 'OsApplication'
DEBUG_DEF: Found v:lst name=OsAppMemoryProtection
DEBUG_DEF_ENTRY: Parsing container def 'OsAppMemoryProtection'
DEBUG_DEF_ADD: Added sub-container 'OsAppMemoryProtection' to 'OsApplication'
DEBUG_DEF_ENTRY: Parsing container def 'OsAppMemoryProtection'
DEBUG_DEF: Found v:lst name=OsAppAlarmRef
DEBUG_DEF: Found v:lst name=OsAppCounterRef
DEBUG_DEF: Found v:lst name=OsAppEcucPartitionRef
DEBUG_DEF: Found v:lst name=OsAppIsrRef
DEBUG_DEF: Found v:lst name=OsAppScheduleTableRef
DEBUG_DEF: Found v:lst name=OsAppTaskRef
DEBUG_DEF: Found v:lst name=OsMemoryMappingCodeLocationRef
DEBUG_DEF: Found v:lst name=OsRestartTask
DEBUG_DEF_ENTRY: Parsing container def 'OsApplicationHooks'
DEBUG_DEF: Found v:lst name=OsMemoryMappingCodeLocationRef
DEBUG_DEF: Found v:lst name=OsApplicationTrustedFunction
DEBUG_DEF_ENTRY: Parsing container def 'OsApplicationTrustedFunction'
DEBUG_DEF: Found v:lst name=OsTrustedFunctionParameter
DEBUG_DEF_ENTRY: Parsing container def 'OsTrustedFunctionParameter'
DEBUG_DEF_ADD: Added sub-container 'OsTrustedFunctionParameter' to 'OsApplicationTrustedFunction'
DEBUG_DEF_ENTRY: Parsing container def 'OsTrustedFunctionParameter'
DEBUG_DEF: Found v:lst name=OsMemoryMappingCodeLocationRef
DEBUG_DEF_ADD: Added sub-container 'OsApplicationTrustedFunction' to 'OsApplication'
DEBUG_DEF_ENTRY: Parsing container def 'OsApplicationTrustedFunction'
DEBUG_DEF: Found v:lst name=OsTrustedFunctionParameter
DEBUG_DEF_ENTRY: Parsing container def 'OsTrustedFunctionParameter'
DEBUG_DEF_ADD: Added sub-container 'OsTrustedFunctionParameter' to 'OsApplicationTrustedFunction'
DEBUG_DEF_ENTRY: Parsing container def 'OsTrustedFunctionParameter'
DEBUG_DEF: Found v:lst name=OsMemoryMappingCodeLocationRef
DEBUG_DEF_ENTRY: Parsing container def 'OsCounter'
DEBUG_DEF: Found v:lst name=OsCounterAccessingApplication
DEBUG_DEF: Found v:lst name=OsTimeConstant
DEBUG_DEF_ENTRY: Parsing container def 'OsTimeConstant'
DEBUG_DEF_ADD: Added sub-container 'OsTimeConstant' to 'OsCounter'
DEBUG_DEF_ENTRY: Parsing container def 'OsTimeConstant'
DEBUG_DEF_ENTRY: Parsing container def 'OsEvent'
DEBUG_DEF_ENTRY: Parsing container def 'OsIoc'
DEBUG_DEF: Found v:lst name=OsIocCommunication
DEBUG_DEF_ENTRY: Parsing container def 'OsIocCommunication'
DEBUG_DEF: Found v:lst name=OsIocBufferLength
DEBUG_DEF: Found v:lst name=OsIocDataProperties
DEBUG_DEF_ENTRY: Parsing container def 'OsIocDataProperties'
DEBUG_DEF_ADD: Added sub-container 'OsIocDataProperties' to 'OsIocCommunication'
DEBUG_DEF_ENTRY: Parsing container def 'OsIocDataProperties'
DEBUG_DEF: Found v:lst name=OsIocReceiverProperties
DEBUG_DEF_ENTRY: Parsing container def 'OsIocReceiverProperties'
DEBUG_DEF_ADD: Added sub-container 'OsIocReceiverProperties' to 'OsIocCommunication'
DEBUG_DEF_ENTRY: Parsing container def 'OsIocReceiverProperties'
DEBUG_DEF: Found v:lst name=OsIocSenderProperties
DEBUG_DEF_ENTRY: Parsing container def 'OsIocSenderProperties'
DEBUG_DEF_ADD: Added sub-container 'OsIocSenderProperties' to 'OsIocCommunication'
DEBUG_DEF_ENTRY: Parsing container def 'OsIocSenderProperties'
DEBUG_DEF_ADD: Added sub-container 'OsIocCommunication' to 'OsIoc'
DEBUG_DEF_ENTRY: Parsing container def 'OsIocCommunication'
DEBUG_DEF: Found v:lst name=OsIocBufferLength
DEBUG_DEF: Found v:lst name=OsIocDataProperties
DEBUG_DEF_ENTRY: Parsing container def 'OsIocDataProperties'
DEBUG_DEF_ADD: Added sub-container 'OsIocDataProperties' to 'OsIocCommunication'
DEBUG_DEF_ENTRY: Parsing container def 'OsIocDataProperties'
DEBUG_DEF: Found v:lst name=OsIocReceiverProperties
DEBUG_DEF_ENTRY: Parsing container def 'OsIocReceiverProperties'
DEBUG_DEF_ADD: Added sub-container 'OsIocReceiverProperties' to 'OsIocCommunication'
DEBUG_DEF_ENTRY: Parsing container def 'OsIocReceiverProperties'
DEBUG_DEF: Found v:lst name=OsIocSenderProperties
DEBUG_DEF_ENTRY: Parsing container def 'OsIocSenderProperties'
DEBUG_DEF_ADD: Added sub-container 'OsIocSenderProperties' to 'OsIocCommunication'
DEBUG_DEF_ENTRY: Parsing container def 'OsIocSenderProperties'
DEBUG_DEF_ENTRY: Parsing container def 'OsIsr'
DEBUG_DEF: Found v:lst name=OsIsrAccessingApplication
DEBUG_DEF: Found v:lst name=OsIsrPeriod
DEBUG_DEF: Found v:lst name=OsIsrResourceRef
DEBUG_DEF: Found v:lst name=OsMemoryMappingCodeLocationRef
DEBUG_DEF: Found v:lst name=OsIsrTimingProtection
DEBUG_DEF_ENTRY: Parsing container def 'OsIsrTimingProtection'
DEBUG_DEF: Found v:lst name=OsIsrResourceLock
DEBUG_DEF_ENTRY: Parsing container def 'OsIsrResourceLock'
DEBUG_DEF_ADD: Added sub-container 'OsIsrResourceLock' to 'OsIsrTimingProtection'
DEBUG_DEF_ENTRY: Parsing container def 'OsIsrResourceLock'
DEBUG_DEF_ADD: Added sub-container 'OsIsrTimingProtection' to 'OsIsr'
DEBUG_DEF_ENTRY: Parsing container def 'OsIsrTimingProtection'
DEBUG_DEF: Found v:lst name=OsIsrResourceLock
DEBUG_DEF_ENTRY: Parsing container def 'OsIsrResourceLock'
DEBUG_DEF_ADD: Added sub-container 'OsIsrResourceLock' to 'OsIsrTimingProtection'
DEBUG_DEF_ENTRY: Parsing container def 'OsIsrResourceLock'
DEBUG_DEF: Found v:lst name=OsIsrMemoryProtection
DEBUG_DEF_ENTRY: Parsing container def 'OsIsrMemoryProtection'
DEBUG_DEF_ADD: Added sub-container 'OsIsrMemoryProtection' to 'OsIsr'
DEBUG_DEF_ENTRY: Parsing container def 'OsIsrMemoryProtection'
DEBUG_DEF: Found v:lst name=OsIsrAccessCheck
DEBUG_DEF_ENTRY: Parsing container def 'OsIsrAccessCheck'
DEBUG_DEF_ADD: Added sub-container 'OsIsrAccessCheck' to 'OsIsr'
DEBUG_DEF_ENTRY: Parsing container def 'OsIsrAccessCheck'
DEBUG_DEF_ENTRY: Parsing container def 'OsOS'
DEBUG_DEF_ENTRY: Parsing container def 'OsHooks'
DEBUG_DEF: Found v:lst name=OsMemoryMappingCodeLocationRef
DEBUG_DEF_ENTRY: Parsing container def 'OsPeripheralArea'
DEBUG_DEF: Found v:lst name=OsPeripheralAreaAccessingApplication
DEBUG_DEF_ENTRY: Parsing container def 'OsResource'
DEBUG_DEF: Found v:lst name=OsResourceAccessingApplication
DEBUG_DEF_ENTRY: Parsing container def 'OsScheduleTable'
DEBUG_DEF: Found v:lst name=OsSchTblAccessingApplication
DEBUG_DEF: Found v:lst name=OsScheduleTableAutostart
DEBUG_DEF_ENTRY: Parsing container def 'OsScheduleTableAutostart'
DEBUG_DEF: Found v:lst name=OsScheduleTableAppModeRef
DEBUG_DEF_ADD: Added sub-container 'OsScheduleTableAutostart' to 'OsScheduleTable'
DEBUG_DEF_ENTRY: Parsing container def 'OsScheduleTableAutostart'
DEBUG_DEF: Found v:lst name=OsScheduleTableAppModeRef
DEBUG_DEF: Found v:lst name=OsScheduleTableExpiryPoint
DEBUG_DEF_ENTRY: Parsing container def 'OsScheduleTableExpiryPoint'
DEBUG_DEF: Found v:lst name=OsScheduleTableEventSetting
DEBUG_DEF_ENTRY: Parsing container def 'OsScheduleTableEventSetting'
DEBUG_DEF_ADD: Added sub-container 'OsScheduleTableEventSetting' to 'OsScheduleTableExpiryPoint'
DEBUG_DEF_ENTRY: Parsing container def 'OsScheduleTableEventSetting'
DEBUG_DEF: Found v:lst name=OsScheduleTableTaskActivation
DEBUG_DEF_ENTRY: Parsing container def 'OsScheduleTableTaskActivation'
DEBUG_DEF_ADD: Added sub-container 'OsScheduleTableTaskActivation' to 'OsScheduleTableExpiryPoint'
DEBUG_DEF_ENTRY: Parsing container def 'OsScheduleTableTaskActivation'
DEBUG_DEF_ADD: Added sub-container 'OsScheduleTableExpiryPoint' to 'OsScheduleTable'
DEBUG_DEF_ENTRY: Parsing container def 'OsScheduleTableExpiryPoint'
DEBUG_DEF: Found v:lst name=OsScheduleTableEventSetting
DEBUG_DEF_ENTRY: Parsing container def 'OsScheduleTableEventSetting'
DEBUG_DEF_ADD: Added sub-container 'OsScheduleTableEventSetting' to 'OsScheduleTableExpiryPoint'
DEBUG_DEF_ENTRY: Parsing container def 'OsScheduleTableEventSetting'
DEBUG_DEF: Found v:lst name=OsScheduleTableTaskActivation
DEBUG_DEF_ENTRY: Parsing container def 'OsScheduleTableTaskActivation'
DEBUG_DEF_ADD: Added sub-container 'OsScheduleTableTaskActivation' to 'OsScheduleTableExpiryPoint'
DEBUG_DEF_ENTRY: Parsing container def 'OsScheduleTableTaskActivation'
DEBUG_DEF_ENTRY: Parsing container def 'OsSpinlock'
DEBUG_DEF: Found v:lst name=OsSpinlockAccessingApplication
DEBUG_DEF_ENTRY: Parsing container def 'OsTask'
DEBUG_DEF: Found v:lst name=OsTaskPeriod
DEBUG_DEF: Found v:lst name=OsMemoryMappingCodeLocationRef
DEBUG_DEF: Found v:lst name=OsTaskAccessingApplication
DEBUG_DEF: Found v:lst name=OsTaskEventRef
DEBUG_DEF: Found v:lst name=OsTaskResourceRef
DEBUG_DEF: Found v:lst name=OsTaskAutostartAppModeRef
DEBUG_DEF: Found v:lst name=OsTaskTimingProtection
DEBUG_DEF_ENTRY: Parsing container def 'OsTaskTimingProtection'
DEBUG_DEF: Found v:lst name=OsTaskResourceLock
DEBUG_DEF_ENTRY: Parsing container def 'OsTaskResourceLock'
DEBUG_DEF_ADD: Added sub-container 'OsTaskResourceLock' to 'OsTaskTimingProtection'
DEBUG_DEF_ENTRY: Parsing container def 'OsTaskResourceLock'
DEBUG_DEF_ADD: Added sub-container 'OsTaskTimingProtection' to 'OsTask'
DEBUG_DEF_ENTRY: Parsing container def 'OsTaskTimingProtection'
DEBUG_DEF: Found v:lst name=OsTaskResourceLock
DEBUG_DEF_ENTRY: Parsing container def 'OsTaskResourceLock'
DEBUG_DEF_ADD: Added sub-container 'OsTaskResourceLock' to 'OsTaskTimingProtection'
DEBUG_DEF_ENTRY: Parsing container def 'OsTaskResourceLock'
DEBUG_DEF: Found v:lst name=OsTaskMemoryProtection
DEBUG_DEF_ENTRY: Parsing container def 'OsTaskMemoryProtection'
DEBUG_DEF_ADD: Added sub-container 'OsTaskMemoryProtection' to 'OsTask'
DEBUG_DEF_ENTRY: Parsing container def 'OsTaskMemoryProtection'
DEBUG_DEF: Found v:lst name=OsTaskAccessCheck
DEBUG_DEF_ENTRY: Parsing container def 'OsTaskAccessCheck'
DEBUG_DEF_ADD: Added sub-container 'OsTaskAccessCheck' to 'OsTask'
DEBUG_DEF_ENTRY: Parsing container def 'OsTaskAccessCheck'
DEBUG_DEF_ENTRY: Parsing container def 'MemoryRegion'
DEBUG_DEF_ENTRY: Parsing container def 'MemoryBlock'
DEBUG_DEF: Found v:lst name=MemorySectionRef
DEBUG_DEF_ENTRY: Parsing container def 'MemorySection'
DEBUG_DEF_ENTRY: Parsing container def 'SystemModeStack'
DEBUG_DEF_ENTRY: Parsing container def 'UserStack'
DEBUG_DEF_ENTRY: Parsing container def 'HypervisorStack'
DEBUG_DEF_ENTRY: Parsing container def 'KernelStack'
DEBUG_DEF_ENTRY: Parsing container def 'AbortStack'
DEBUG_DEF_ENTRY: Parsing container def 'UndefinedStack'
DEBUG_DEF_ENTRY: Parsing container def 'IrqStack'
DEBUG_DEF_ENTRY: Parsing container def 'FiqStack'
DEBUG_DEF_ENTRY: Parsing container def 'OsMemoryMap'
